INFO 2026-01-29 11:14:29,641 autoreload Watching for file changes with StatReloader
INFO 2026-01-29 11:14:39,682 autoreload /Users/dovudbek/Documents/hack/ai-hackaton/config/settings.py changed, reloading.
INFO 2026-01-29 11:14:39,914 autoreload Watching for file changes with StatReloader
INFO 2026-01-29 11:14:42,020 autoreload /Users/dovudbek/Documents/hack/ai-hackaton/config/settings.py changed, reloading.
INFO 2026-01-29 11:14:46,588 autoreload Watching for file changes with StatReloader
INFO 2026-01-29 11:15:09,044 autoreload /Users/dovudbek/Documents/hack/ai-hackaton/config/settings.py changed, reloading.
INFO 2026-01-29 11:15:44,985 autoreload Watching for file changes with StatReloader
INFO 2026-01-29 11:15:50,185 autoreload /Users/dovudbek/Documents/hack/ai-hackaton/config/settings.py changed, reloading.
INFO 2026-01-29 11:15:53,847 autoreload Watching for file changes with StatReloader
INFO 2026-01-29 11:16:13,265 autoreload /Users/dovudbek/Documents/hack/ai-hackaton/config/settings.py changed, reloading.
INFO 2026-01-29 11:16:17,031 autoreload Watching for file changes with StatReloader
INFO 2026-01-29 11:16:18,009 log "GET / HTTP/1.1" 200 13737
INFO 2026-01-29 11:16:18,070 log "GET /static/hackathon/css/style.css HTTP/1.1" 200 1381
INFO 2026-01-29 11:16:18,071 log "GET /static/hackathon/js/app.js HTTP/1.1" 200 5779
INFO 2026-01-29 11:16:18,072 log "GET /static/hackathon/css/animations.css HTTP/1.1" 200 6927
INFO 2026-01-29 11:16:18,075 log "GET /static/hackathon/js/animations.js HTTP/1.1" 200 2232
WARNING 2026-01-29 11:16:19,332 log Not Found: /favicon.ico
WARNING 2026-01-29 11:16:19,332 log "GET /favicon.ico HTTP/1.1" 404 4286
INFO 2026-01-29 11:16:38,939 log "GET / HTTP/1.1" 200 13738
INFO 2026-01-29 11:16:41,256 log "GET /register/ HTTP/1.1" 200 9202
INFO 2026-01-29 11:16:55,791 log "GET / HTTP/1.1" 200 13738
INFO 2026-01-29 11:16:55,800 log "GET /static/hackathon/css/style.css HTTP/1.1" 304 0
INFO 2026-01-29 11:16:55,803 log "GET /static/hackathon/css/animations.css HTTP/1.1" 304 0
INFO 2026-01-29 11:16:55,804 log "GET /static/hackathon/js/app.js HTTP/1.1" 304 0
INFO 2026-01-29 11:16:55,804 log "GET /static/hackathon/js/animations.js HTTP/1.1" 304 0
INFO 2026-01-29 11:16:56,853 log "GET / HTTP/1.1" 200 13591
INFO 2026-01-29 11:16:57,805 log "GET / HTTP/1.1" 200 13591
INFO 2026-01-29 11:16:59,312 log "GET / HTTP/1.1" 200 13591
INFO 2026-01-29 11:16:59,334 log "GET /static/hackathon/css/style.css HTTP/1.1" 200 1381
INFO 2026-01-29 11:16:59,335 log "GET /static/hackathon/css/animations.css HTTP/1.1" 200 6927
INFO 2026-01-29 11:16:59,336 log "GET /static/hackathon/js/app.js HTTP/1.1" 200 5779
INFO 2026-01-29 11:16:59,338 log "GET /static/hackathon/js/animations.js HTTP/1.1" 200 2232
WARNING 2026-01-29 11:17:00,580 log Not Found: /favicon.ico
WARNING 2026-01-29 11:17:00,580 log "GET /favicon.ico HTTP/1.1" 404 4286
INFO 2026-01-29 11:17:01,931 log "GET / HTTP/1.1" 200 13591
WARNING 2026-01-29 11:17:04,857 log Not Found: /.well-known/appspecific/com.chrome.devtools.json
WARNING 2026-01-29 11:17:04,857 log "GET /.well-known/appspecific/com.chrome.devtools.json HTTP/1.1" 404 4397
INFO 2026-01-29 11:17:33,812 log "GET / HTTP/1.1" 200 12798
WARNING 2026-01-29 11:17:33,845 log Not Found: /.well-known/appspecific/com.chrome.devtools.json
WARNING 2026-01-29 11:17:33,846 log "GET /.well-known/appspecific/com.chrome.devtools.json HTTP/1.1" 404 4397
INFO 2026-01-29 11:17:33,850 log "GET /static/hackathon/css/animations.css HTTP/1.1" 200 6927
INFO 2026-01-29 11:17:33,851 log "GET /static/hackathon/css/style.css HTTP/1.1" 200 1381
INFO 2026-01-29 11:17:33,852 log "GET /static/hackathon/js/app.js HTTP/1.1" 200 5779
INFO 2026-01-29 11:17:33,855 log "GET /static/hackathon/js/animations.js HTTP/1.1" 200 2232
INFO 2026-01-29 11:17:38,226 log "GET / HTTP/1.1" 200 13738
WARNING 2026-01-29 11:17:38,251 log Not Found: /.well-known/appspecific/com.chrome.devtools.json
WARNING 2026-01-29 11:17:38,251 log "GET /.well-known/appspecific/com.chrome.devtools.json HTTP/1.1" 404 4397
INFO 2026-01-29 11:17:38,257 log "GET /static/hackathon/css/style.css HTTP/1.1" 200 1381
INFO 2026-01-29 11:17:38,257 log "GET /static/hackathon/js/app.js HTTP/1.1" 200 5779
INFO 2026-01-29 11:17:38,257 log "GET /static/hackathon/css/animations.css HTTP/1.1" 200 6927
INFO 2026-01-29 11:17:38,265 log "GET /static/hackathon/js/animations.js HTTP/1.1" 200 2232
INFO 2026-01-29 11:17:43,179 log "GET /register/ HTTP/1.1" 200 9202
WARNING 2026-01-29 11:17:43,207 log Not Found: /.well-known/appspecific/com.chrome.devtools.json
WARNING 2026-01-29 11:17:43,209 log "GET /.well-known/appspecific/com.chrome.devtools.json HTTP/1.1" 404 4397
INFO 2026-01-29 11:17:43,209 log "GET /static/hackathon/css/style.css HTTP/1.1" 200 1381
INFO 2026-01-29 11:17:43,210 log "GET /static/hackathon/css/animations.css HTTP/1.1" 200 6927
INFO 2026-01-29 11:17:43,221 log "GET /static/hackathon/js/animations.js HTTP/1.1" 200 2232
INFO 2026-01-29 11:17:43,221 log "GET /static/hackathon/js/app.js HTTP/1.1" 200 5779
INFO 2026-01-29 11:18:06,309 log "GET /register/ HTTP/1.1" 200 9202
INFO 2026-01-29 11:18:06,339 log "GET /static/hackathon/css/style.css HTTP/1.1" 200 1381
INFO 2026-01-29 11:18:06,350 log "GET /static/hackathon/js/animations.js HTTP/1.1" 200 2232
WARNING 2026-01-29 11:18:06,354 log Not Found: /.well-known/appspecific/com.chrome.devtools.json
WARNING 2026-01-29 11:18:06,355 log "GET /.well-known/appspecific/com.chrome.devtools.json HTTP/1.1" 404 4397
INFO 2026-01-29 11:18:06,355 log "GET /static/hackathon/css/animations.css HTTP/1.1" 200 6927
INFO 2026-01-29 11:18:06,355 log "GET /static/hackathon/js/app.js HTTP/1.1" 200 5779
INFO 2026-01-29 11:18:07,595 log "GET /register/ HTTP/1.1" 200 9449
WARNING 2026-01-29 11:18:07,612 log Not Found: /.well-known/appspecific/com.chrome.devtools.json
WARNING 2026-01-29 11:18:07,615 log "GET /.well-known/appspecific/com.chrome.devtools.json HTTP/1.1" 404 4397
INFO 2026-01-29 11:18:07,615 log "GET /static/hackathon/css/style.css HTTP/1.1" 200 1381
INFO 2026-01-29 11:18:07,616 log "GET /static/hackathon/js/app.js HTTP/1.1" 200 5779
INFO 2026-01-29 11:18:07,616 log "GET /static/hackathon/css/animations.css HTTP/1.1" 200 6927
INFO 2026-01-29 11:18:07,617 log "GET /static/hackathon/js/animations.js HTTP/1.1" 200 2232
INFO 2026-01-29 11:18:10,887 log "GET / HTTP/1.1" 200 13738
INFO 2026-01-29 11:18:10,921 log "GET /static/hackathon/css/style.css HTTP/1.1" 200 1381
INFO 2026-01-29 11:18:10,921 log "GET /static/hackathon/css/animations.css HTTP/1.1" 200 6927
INFO 2026-01-29 11:18:10,923 log "GET /static/hackathon/js/app.js HTTP/1.1" 200 5779
WARNING 2026-01-29 11:18:10,926 log Not Found: /.well-known/appspecific/com.chrome.devtools.json
WARNING 2026-01-29 11:18:10,927 log "GET /.well-known/appspecific/com.chrome.devtools.json HTTP/1.1" 404 4397
INFO 2026-01-29 11:18:10,940 log "GET /static/hackathon/js/animations.js HTTP/1.1" 200 2232
INFO 2026-01-29 11:18:13,100 log "GET /login/ HTTP/1.1" 200 9232
WARNING 2026-01-29 11:18:13,124 log Not Found: /.well-known/appspecific/com.chrome.devtools.json
WARNING 2026-01-29 11:18:13,125 log "GET /.well-known/appspecific/com.chrome.devtools.json HTTP/1.1" 404 4397
INFO 2026-01-29 11:18:13,126 log "GET /static/hackathon/css/style.css HTTP/1.1" 200 1381
INFO 2026-01-29 11:18:13,126 log "GET /static/hackathon/js/animations.js HTTP/1.1" 200 2232
INFO 2026-01-29 11:18:13,126 log "GET /static/hackathon/css/animations.css HTTP/1.1" 200 6927
INFO 2026-01-29 11:18:13,127 log "GET /static/hackathon/js/app.js HTTP/1.1" 200 5779
INFO 2026-01-29 11:18:24,922 log "GET /login/ HTTP/1.1" 200 9232
WARNING 2026-01-29 11:18:24,954 log Not Found: /.well-known/appspecific/com.chrome.devtools.json
WARNING 2026-01-29 11:18:24,957 log "GET /.well-known/appspecific/com.chrome.devtools.json HTTP/1.1" 404 4397
INFO 2026-01-29 11:18:24,957 log "GET /static/hackathon/css/style.css HTTP/1.1" 200 1381
INFO 2026-01-29 11:18:24,958 log "GET /static/hackathon/js/app.js HTTP/1.1" 200 5779
INFO 2026-01-29 11:18:24,958 log "GET /static/hackathon/css/animations.css HTTP/1.1" 200 6927
INFO 2026-01-29 11:18:24,958 log "GET /static/hackathon/js/animations.js HTTP/1.1" 200 2232
INFO 2026-01-29 11:18:26,360 log "GET /login/ HTTP/1.1" 200 9509
WARNING 2026-01-29 11:18:26,382 log Not Found: /.well-known/appspecific/com.chrome.devtools.json
WARNING 2026-01-29 11:18:26,383 log "GET /.well-known/appspecific/com.chrome.devtools.json HTTP/1.1" 404 4397
INFO 2026-01-29 11:18:26,386 log "GET /static/hackathon/css/animations.css HTTP/1.1" 200 6927
INFO 2026-01-29 11:18:26,387 log "GET /static/hackathon/css/style.css HTTP/1.1" 200 1381
INFO 2026-01-29 11:18:26,387 log "GET /static/hackathon/js/animations.js HTTP/1.1" 200 2232
INFO 2026-01-29 11:18:26,387 log "GET /static/hackathon/js/app.js HTTP/1.1" 200 5779
INFO 2026-01-29 11:18:30,053 log "GET /register/ HTTP/1.1" 200 9449
WARNING 2026-01-29 11:18:30,092 log Not Found: /.well-known/appspecific/com.chrome.devtools.json
WARNING 2026-01-29 11:18:30,094 log "GET /.well-known/appspecific/com.chrome.devtools.json HTTP/1.1" 404 4397
INFO 2026-01-29 11:18:30,095 log "GET /static/hackathon/css/style.css HTTP/1.1" 200 1381
INFO 2026-01-29 11:18:30,095 log "GET /static/hackathon/js/animations.js HTTP/1.1" 200 2232
INFO 2026-01-29 11:18:30,095 log "GET /static/hackathon/js/app.js HTTP/1.1" 200 5779
INFO 2026-01-29 11:18:30,095 log "GET /static/hackathon/css/animations.css HTTP/1.1" 200 6927
WARNING 2026-01-29 11:18:39,634 log Not Found: /.well-known/appspecific/com.chrome.devtools.json
WARNING 2026-01-29 11:18:39,634 log "GET /.well-known/appspecific/com.chrome.devtools.json HTTP/1.1" 404 4397
WARNING 2026-01-29 11:18:39,649 log Not Found: /.well-known/appspecific/com.chrome.devtools.json
WARNING 2026-01-29 11:18:39,649 log "GET /.well-known/appspecific/com.chrome.devtools.json HTTP/1.1" 404 4397
INFO 2026-01-29 11:18:40,731 log "GET /register/ HTTP/1.1" 200 9449
WARNING 2026-01-29 11:18:40,757 log Not Found: /.well-known/appspecific/com.chrome.devtools.json
WARNING 2026-01-29 11:18:40,759 log "GET /.well-known/appspecific/com.chrome.devtools.json HTTP/1.1" 404 4397
INFO 2026-01-29 11:18:40,759 log "GET /static/hackathon/css/style.css HTTP/1.1" 200 1381
INFO 2026-01-29 11:18:40,759 log "GET /static/hackathon/css/animations.css HTTP/1.1" 200 6927
INFO 2026-01-29 11:18:40,768 log "GET /static/hackathon/js/app.js HTTP/1.1" 200 5779
INFO 2026-01-29 11:18:40,769 log "GET /static/hackathon/js/animations.js HTTP/1.1" 200 2232
WARNING 2026-01-29 11:18:43,265 log Not Found: /.well-known/appspecific/com.chrome.devtools.json
WARNING 2026-01-29 11:18:43,266 log "GET /.well-known/appspecific/com.chrome.devtools.json HTTP/1.1" 404 4397
WARNING 2026-01-29 11:18:43,270 log Not Found: /.well-known/appspecific/com.chrome.devtools.json
WARNING 2026-01-29 11:18:43,271 log "GET /.well-known/appspecific/com.chrome.devtools.json HTTP/1.1" 404 4397
INFO 2026-01-29 11:18:49,515 log "POST /login/ HTTP/1.1" 302 0
INFO 2026-01-29 11:18:49,524 log "GET /register/otp/ HTTP/1.1" 200 6868
WARNING 2026-01-29 11:18:49,568 log Not Found: /.well-known/appspecific/com.chrome.devtools.json
WARNING 2026-01-29 11:18:49,569 log "GET /.well-known/appspecific/com.chrome.devtools.json HTTP/1.1" 404 4397
INFO 2026-01-29 11:18:49,570 log "GET /static/hackathon/css/style.css HTTP/1.1" 200 1381
INFO 2026-01-29 11:18:49,570 log "GET /static/hackathon/js/animations.js HTTP/1.1" 200 2232
INFO 2026-01-29 11:18:49,571 log "GET /static/hackathon/js/app.js HTTP/1.1" 200 5779
INFO 2026-01-29 11:18:49,571 log "GET /static/hackathon/css/animations.css HTTP/1.1" 200 6927
INFO 2026-01-29 11:19:05,016 log "POST /register/otp/ HTTP/1.1" 302 0
INFO 2026-01-29 11:19:05,039 log "GET /profile/ HTTP/1.1" 200 7866
WARNING 2026-01-29 11:19:05,072 log Not Found: /.well-known/appspecific/com.chrome.devtools.json
WARNING 2026-01-29 11:19:05,073 log "GET /.well-known/appspecific/com.chrome.devtools.json HTTP/1.1" 404 4397
INFO 2026-01-29 11:19:05,073 log "GET /static/hackathon/js/app.js HTTP/1.1" 200 5779
INFO 2026-01-29 11:19:05,073 log "GET /static/hackathon/css/style.css HTTP/1.1" 200 1381
INFO 2026-01-29 11:19:05,073 log "GET /static/hackathon/css/animations.css HTTP/1.1" 200 6927
INFO 2026-01-29 11:19:05,073 log "GET /static/hackathon/js/animations.js HTTP/1.1" 200 2232
INFO 2026-01-29 11:19:17,630 log "GET /profile/ HTTP/1.1" 200 8151
INFO 2026-01-29 11:19:17,655 log "GET /static/hackathon/js/animations.js HTTP/1.1" 200 2232
INFO 2026-01-29 11:19:17,655 log "GET /static/hackathon/css/animations.css HTTP/1.1" 200 6927
INFO 2026-01-29 11:19:17,655 log "GET /static/hackathon/js/app.js HTTP/1.1" 200 5779
INFO 2026-01-29 11:19:17,655 log "GET /static/hackathon/css/style.css HTTP/1.1" 200 1381
WARNING 2026-01-29 11:19:17,665 log Not Found: /.well-known/appspecific/com.chrome.devtools.json
WARNING 2026-01-29 11:19:17,665 log "GET /.well-known/appspecific/com.chrome.devtools.json HTTP/1.1" 404 4397
INFO 2026-01-29 11:19:32,955 log "GET / HTTP/1.1" 302 0
INFO 2026-01-29 11:19:32,973 log "GET /profile/ HTTP/1.1" 200 8151
WARNING 2026-01-29 11:19:33,013 log Not Found: /.well-known/appspecific/com.chrome.devtools.json
WARNING 2026-01-29 11:19:33,013 log "GET /.well-known/appspecific/com.chrome.devtools.json HTTP/1.1" 404 4397
INFO 2026-01-29 11:19:33,013 log "GET /static/hackathon/css/style.css HTTP/1.1" 200 1381
INFO 2026-01-29 11:19:33,018 log "GET /static/hackathon/css/animations.css HTTP/1.1" 200 6927
INFO 2026-01-29 11:19:33,018 log "GET /static/hackathon/js/app.js HTTP/1.1" 200 5779
INFO 2026-01-29 11:19:33,019 log "GET /static/hackathon/js/animations.js HTTP/1.1" 200 2232
INFO 2026-01-29 11:19:35,672 log "GET /logout/ HTTP/1.1" 302 0
INFO 2026-01-29 11:19:35,685 log "GET /login/ HTTP/1.1" 200 9509
WARNING 2026-01-29 11:19:35,717 log Not Found: /.well-known/appspecific/com.chrome.devtools.json
WARNING 2026-01-29 11:19:35,718 log "GET /.well-known/appspecific/com.chrome.devtools.json HTTP/1.1" 404 4397
INFO 2026-01-29 11:19:35,719 log "GET /static/hackathon/js/app.js HTTP/1.1" 200 5779
INFO 2026-01-29 11:19:35,719 log "GET /static/hackathon/css/style.css HTTP/1.1" 200 1381
INFO 2026-01-29 11:19:35,720 log "GET /static/hackathon/js/animations.js HTTP/1.1" 200 2232
INFO 2026-01-29 11:19:35,720 log "GET /static/hackathon/css/animations.css HTTP/1.1" 200 6927
INFO 2026-01-29 11:19:38,836 log "GET / HTTP/1.1" 200 13738
WARNING 2026-01-29 11:19:38,871 log Not Found: /.well-known/appspecific/com.chrome.devtools.json
WARNING 2026-01-29 11:19:38,871 log "GET /.well-known/appspecific/com.chrome.devtools.json HTTP/1.1" 404 4397
INFO 2026-01-29 11:19:38,873 log "GET /static/hackathon/css/style.css HTTP/1.1" 200 1381
INFO 2026-01-29 11:19:38,874 log "GET /static/hackathon/css/animations.css HTTP/1.1" 200 6927
INFO 2026-01-29 11:19:38,874 log "GET /static/hackathon/js/app.js HTTP/1.1" 200 5779
INFO 2026-01-29 11:19:38,882 log "GET /static/hackathon/js/animations.js HTTP/1.1" 200 2232
INFO 2026-01-29 11:23:14,620 log "GET / HTTP/1.1" 200 13738
INFO 2026-01-29 11:23:14,641 log "GET /static/hackathon/css/style.css HTTP/1.1" 304 0
INFO 2026-01-29 11:23:14,643 log "GET /static/hackathon/js/app.js HTTP/1.1" 304 0
INFO 2026-01-29 11:23:14,643 log "GET /static/hackathon/css/animations.css HTTP/1.1" 304 0
INFO 2026-01-29 11:23:14,647 log "GET /static/hackathon/js/animations.js HTTP/1.1" 304 0
INFO 2026-01-29 11:23:16,068 log "GET /admin/ HTTP/1.1" 302 0
INFO 2026-01-29 11:23:16,091 log "GET /admin/login/?next=/admin/ HTTP/1.1" 200 4084
INFO 2026-01-29 11:23:16,102 log "GET /static/admin/js/theme.js HTTP/1.1" 200 1653
INFO 2026-01-29 11:23:16,102 log "GET /static/admin/css/dark_mode.css HTTP/1.1" 200 3538
INFO 2026-01-29 11:23:16,102 log "GET /static/admin/css/base.css HTTP/1.1" 200 23100
INFO 2026-01-29 11:23:16,115 log "GET /static/admin/css/login.css HTTP/1.1" 200 951
INFO 2026-01-29 11:23:16,116 log "GET /static/admin/css/nav_sidebar.css HTTP/1.1" 200 2810
INFO 2026-01-29 11:23:16,116 log "GET /static/admin/css/responsive.css HTTP/1.1" 200 16273
INFO 2026-01-29 11:23:16,117 log "GET /static/admin/js/nav_sidebar.js HTTP/1.1" 200 3063
INFO 2026-01-29 11:23:19,643 log "POST /admin/login/?next=/admin/ HTTP/1.1" 302 0
INFO 2026-01-29 11:23:19,651 log "GET /admin/ HTTP/1.1" 200 12204
INFO 2026-01-29 11:23:19,677 log "GET /static/admin/css/dashboard.css HTTP/1.1" 200 441
INFO 2026-01-29 11:23:19,678 log "GET /static/admin/img/icon-addlink.svg HTTP/1.1" 200 593
INFO 2026-01-29 11:23:19,678 log "GET /static/admin/img/icon-changelink.svg HTTP/1.1" 200 978
INFO 2026-01-29 11:23:23,517 log "GET /admin/hackathon/application/ HTTP/1.1" 200 33878
INFO 2026-01-29 11:23:23,533 log "GET /static/admin/css/forms.css HTTP/1.1" 200 8788
INFO 2026-01-29 11:23:23,534 log "GET /static/admin/css/changelists.css HTTP/1.1" 200 7501
INFO 2026-01-29 11:23:23,535 log "GET /static/admin/js/jquery.init.js HTTP/1.1" 200 347
INFO 2026-01-29 11:23:23,535 log "GET /static/admin/js/core.js HTTP/1.1" 200 6208
INFO 2026-01-29 11:23:23,536 log "GET /static/admin/js/admin/RelatedObjectLookups.js HTTP/1.1" 200 9777
INFO 2026-01-29 11:23:23,536 log "GET /static/admin/js/actions.js HTTP/1.1" 200 8076
INFO 2026-01-29 11:23:23,537 log "GET /admin/jsi18n/ HTTP/1.1" 200 3342
INFO 2026-01-29 11:23:23,537 log "GET /static/admin/js/vendor/jquery/jquery.js HTTP/1.1" 200 285314
INFO 2026-01-29 11:23:23,539 log "GET /static/admin/js/urlify.js HTTP/1.1" 200 7887
INFO 2026-01-29 11:23:23,544 log "GET /static/admin/js/prepopulate.js HTTP/1.1" 200 1531
INFO 2026-01-29 11:23:23,545 log "GET /static/admin/css/widgets.css HTTP/1.1" 200 11811
INFO 2026-01-29 11:23:23,545 log "GET /static/admin/js/vendor/xregexp/xregexp.js HTTP/1.1" 200 325171
INFO 2026-01-29 11:23:23,546 log "GET /static/admin/img/search.svg HTTP/1.1" 200 607
INFO 2026-01-29 11:23:23,550 log "GET /static/admin/js/filters.js HTTP/1.1" 200 978
INFO 2026-01-29 11:23:23,566 log "GET /static/admin/img/icon-viewlink.svg HTTP/1.1" 200 928
INFO 2026-01-29 11:23:23,566 log "GET /static/admin/img/sorting-icons.svg HTTP/1.1" 200 1761
INFO 2026-01-29 11:23:23,566 log "GET /static/admin/img/tooltag-add.svg HTTP/1.1" 200 593
INFO 2026-01-29 11:23:51,020 log "GET /admin/hackathon/application/add/ HTTP/1.1" 200 24803
INFO 2026-01-29 11:23:51,040 log "GET /static/admin/js/autocomplete.js HTTP/1.1" 200 1060
INFO 2026-01-29 11:23:51,040 log "GET /static/admin/js/vendor/select2/i18n/en.js HTTP/1.1" 200 844
INFO 2026-01-29 11:23:51,041 log "GET /static/admin/css/vendor/select2/select2.css HTTP/1.1" 200 17358
INFO 2026-01-29 11:23:51,041 log "GET /static/admin/css/autocomplete.css HTTP/1.1" 200 9185
INFO 2026-01-29 11:23:51,041 log "GET /admin/jsi18n/ HTTP/1.1" 200 3342
INFO 2026-01-29 11:23:51,042 log "GET /static/admin/js/vendor/select2/select2.full.js HTTP/1.1" 200 173566
INFO 2026-01-29 11:23:51,048 log "GET /static/admin/js/prepopulate_init.js HTTP/1.1" 200 586
INFO 2026-01-29 11:23:51,064 log "GET /static/admin/img/icon-deletelink.svg HTTP/1.1" 200 689
INFO 2026-01-29 11:23:51,064 log "GET /static/admin/js/change_form.js HTTP/1.1" 200 606
INFO 2026-01-29 11:23:56,966 log "GET /admin/autocomplete/?app_label=hackathon&model_name=application&field_name=region HTTP/1.1" 200 762
INFO 2026-01-29 11:23:58,051 log "GET /admin/autocomplete/?app_label=hackathon&model_name=application&field_name=school HTTP/1.1" 200 1644
INFO 2026-01-29 11:24:06,826 log "POST /admin/hackathon/application/add/ HTTP/1.1" 302 0
INFO 2026-01-29 11:24:06,855 log "GET /admin/hackathon/application/ HTTP/1.1" 200 35036
INFO 2026-01-29 11:24:06,866 log "GET /admin/jsi18n/ HTTP/1.1" 200 3342
INFO 2026-01-29 11:24:06,883 log "GET /static/admin/img/icon-yes-dark.svg HTTP/1.1" 200 558
INFO 2026-01-29 11:24:09,519 log "GET /admin/hackathon/application/ HTTP/1.1" 200 34823
INFO 2026-01-29 11:24:09,544 log "GET /admin/jsi18n/ HTTP/1.1" 200 3342
INFO 2026-01-29 11:24:11,624 log "GET /admin/hackathon/application/ HTTP/1.1" 200 34823
INFO 2026-01-29 11:24:11,640 log "GET /admin/jsi18n/ HTTP/1.1" 200 3342
INFO 2026-01-29 11:24:13,232 log "GET /admin/hackathon/application/ HTTP/1.1" 200 34823
INFO 2026-01-29 11:24:13,252 log "GET /static/admin/css/forms.css HTTP/1.1" 200 8788
INFO 2026-01-29 11:24:13,253 log "GET /static/admin/css/nav_sidebar.css HTTP/1.1" 200 2810
INFO 2026-01-29 11:24:13,253 log "GET /static/admin/css/dark_mode.css HTTP/1.1" 200 3538
INFO 2026-01-29 11:24:13,253 log "GET /static/admin/css/changelists.css HTTP/1.1" 200 7501
INFO 2026-01-29 11:24:13,253 log "GET /static/admin/css/base.css HTTP/1.1" 200 23100
INFO 2026-01-29 11:24:13,253 log "GET /static/admin/js/theme.js HTTP/1.1" 200 1653
INFO 2026-01-29 11:24:13,259 log "GET /static/admin/js/jquery.init.js HTTP/1.1" 200 347
INFO 2026-01-29 11:24:13,260 log "GET /static/admin/css/responsive.css HTTP/1.1" 200 16273
INFO 2026-01-29 11:24:13,260 log "GET /static/admin/js/core.js HTTP/1.1" 200 6208
INFO 2026-01-29 11:24:13,260 log "GET /static/admin/js/actions.js HTTP/1.1" 200 8076
INFO 2026-01-29 11:24:13,262 log "GET /static/admin/js/admin/RelatedObjectLookups.js HTTP/1.1" 200 9777
INFO 2026-01-29 11:24:13,264 log "GET /static/admin/css/widgets.css HTTP/1.1" 200 11811
INFO 2026-01-29 11:24:13,265 log "GET /admin/jsi18n/ HTTP/1.1" 200 3342
INFO 2026-01-29 11:24:13,266 log "GET /static/admin/js/urlify.js HTTP/1.1" 200 7887
INFO 2026-01-29 11:24:13,266 log "GET /static/admin/js/prepopulate.js HTTP/1.1" 200 1531
INFO 2026-01-29 11:24:13,268 log "GET /static/admin/img/search.svg HTTP/1.1" 200 607
INFO 2026-01-29 11:24:13,269 log "GET /static/admin/js/vendor/xregexp/xregexp.js HTTP/1.1" 200 325171
INFO 2026-01-29 11:24:13,269 log "GET /static/admin/js/vendor/jquery/jquery.js HTTP/1.1" 200 285314
INFO 2026-01-29 11:24:13,271 log "GET /static/admin/js/nav_sidebar.js HTTP/1.1" 200 3063
INFO 2026-01-29 11:24:13,273 log "GET /static/admin/js/filters.js HTTP/1.1" 200 978
INFO 2026-01-29 11:24:13,278 log "GET /static/admin/img/tooltag-add.svg HTTP/1.1" 200 593
INFO 2026-01-29 11:24:13,279 log "GET /static/admin/img/icon-viewlink.svg HTTP/1.1" 200 928
INFO 2026-01-29 11:24:13,279 log "GET /static/admin/img/icon-addlink.svg HTTP/1.1" 200 593
INFO 2026-01-29 11:24:13,279 log "GET /static/admin/img/sorting-icons.svg HTTP/1.1" 200 1761
WARNING 2026-01-29 11:24:13,298 log Not Found: /favicon.ico
WARNING 2026-01-29 11:24:13,298 log "GET /favicon.ico HTTP/1.1" 404 4286
INFO 2026-01-29 11:24:18,519 log "GET /admin/hackathon/application/21/change/ HTTP/1.1" 200 25253
INFO 2026-01-29 11:24:18,544 log "GET /admin/jsi18n/ HTTP/1.1" 200 3342
INFO 2026-01-29 11:31:55,866 log "GET /admin/hackathon/application/ HTTP/1.1" 200 34823
INFO 2026-01-29 11:31:56,552 log "GET /admin/hackathon/application/ HTTP/1.1" 200 34823
INFO 2026-01-29 11:31:56,565 log "GET /static/admin/css/base.css HTTP/1.1" 304 0
INFO 2026-01-29 11:31:56,566 log "GET /static/admin/css/dark_mode.css HTTP/1.1" 304 0
INFO 2026-01-29 11:31:56,568 log "GET /static/admin/css/nav_sidebar.css HTTP/1.1" 304 0
INFO 2026-01-29 11:31:56,568 log "GET /static/admin/css/forms.css HTTP/1.1" 304 0
INFO 2026-01-29 11:31:56,568 log "GET /static/admin/css/changelists.css HTTP/1.1" 304 0
INFO 2026-01-29 11:31:56,568 log "GET /static/admin/js/theme.js HTTP/1.1" 304 0
INFO 2026-01-29 11:31:56,571 log "GET /static/admin/css/responsive.css HTTP/1.1" 304 0
INFO 2026-01-29 11:31:56,571 log "GET /static/admin/js/admin/RelatedObjectLookups.js HTTP/1.1" 304 0
INFO 2026-01-29 11:31:56,572 log "GET /static/admin/js/core.js HTTP/1.1" 304 0
INFO 2026-01-29 11:31:56,573 log "GET /static/admin/js/vendor/jquery/jquery.js HTTP/1.1" 304 0
INFO 2026-01-29 11:31:56,573 log "GET /static/admin/js/actions.js HTTP/1.1" 304 0
INFO 2026-01-29 11:31:56,574 log "GET /static/admin/js/urlify.js HTTP/1.1" 304 0
INFO 2026-01-29 11:31:56,574 log "GET /static/admin/js/prepopulate.js HTTP/1.1" 304 0
INFO 2026-01-29 11:31:56,575 log "GET /static/admin/js/vendor/xregexp/xregexp.js HTTP/1.1" 304 0
INFO 2026-01-29 11:31:56,575 log "GET /admin/jsi18n/ HTTP/1.1" 200 3342
INFO 2026-01-29 11:31:56,575 log "GET /static/admin/js/jquery.init.js HTTP/1.1" 304 0
INFO 2026-01-29 11:31:56,575 log "GET /static/admin/css/widgets.css HTTP/1.1" 304 0
INFO 2026-01-29 11:31:56,576 log "GET /static/admin/img/search.svg HTTP/1.1" 304 0
INFO 2026-01-29 11:31:56,583 log "GET /static/admin/js/nav_sidebar.js HTTP/1.1" 304 0
INFO 2026-01-29 11:31:56,586 log "GET /static/admin/js/filters.js HTTP/1.1" 304 0
INFO 2026-01-29 11:31:56,589 log "GET /static/admin/img/icon-addlink.svg HTTP/1.1" 304 0
INFO 2026-01-29 11:31:56,589 log "GET /static/admin/img/icon-viewlink.svg HTTP/1.1" 304 0
INFO 2026-01-29 11:31:56,590 log "GET /static/admin/img/tooltag-add.svg HTTP/1.1" 304 0
INFO 2026-01-29 11:31:56,590 log "GET /static/admin/img/sorting-icons.svg HTTP/1.1" 304 0
INFO 2026-01-29 11:32:09,862 log "GET /register/ HTTP/1.1" 200 9449
WARNING 2026-01-29 11:32:09,885 log Not Found: /.well-known/appspecific/com.chrome.devtools.json
WARNING 2026-01-29 11:32:09,885 log "GET /.well-known/appspecific/com.chrome.devtools.json HTTP/1.1" 404 4397
INFO 2026-01-29 11:32:09,895 log "GET /static/hackathon/js/app.js HTTP/1.1" 200 5779
INFO 2026-01-29 11:32:09,895 log "GET /static/hackathon/css/style.css HTTP/1.1" 200 1381
INFO 2026-01-29 11:32:09,895 log "GET /static/hackathon/js/animations.js HTTP/1.1" 200 2232
INFO 2026-01-29 11:32:09,895 log "GET /static/hackathon/css/animations.css HTTP/1.1" 200 6927
INFO 2026-01-29 11:32:24,787 log "POST /register/ HTTP/1.1" 302 0
INFO 2026-01-29 11:32:24,799 log "GET /register/otp/ HTTP/1.1" 200 6881
WARNING 2026-01-29 11:32:24,832 log Not Found: /.well-known/appspecific/com.chrome.devtools.json
WARNING 2026-01-29 11:32:24,833 log "GET /.well-known/appspecific/com.chrome.devtools.json HTTP/1.1" 404 4397
INFO 2026-01-29 11:32:24,856 log "GET /static/hackathon/css/animations.css HTTP/1.1" 200 6927
INFO 2026-01-29 11:32:24,856 log "GET /static/hackathon/css/style.css HTTP/1.1" 200 1381
INFO 2026-01-29 11:32:24,856 log "GET /static/hackathon/js/animations.js HTTP/1.1" 200 2232
INFO 2026-01-29 11:32:24,857 log "GET /static/hackathon/js/app.js HTTP/1.1" 200 5779
INFO 2026-01-29 11:32:41,745 log "POST /register/otp/ HTTP/1.1" 302 0
INFO 2026-01-29 11:32:41,757 log "GET /register/form/ HTTP/1.1" 200 15622
WARNING 2026-01-29 11:32:41,775 log Not Found: /.well-known/appspecific/com.chrome.devtools.json
WARNING 2026-01-29 11:32:41,776 log "GET /.well-known/appspecific/com.chrome.devtools.json HTTP/1.1" 404 4397
INFO 2026-01-29 11:32:41,777 log "GET /static/hackathon/js/animations.js HTTP/1.1" 200 2232
INFO 2026-01-29 11:32:41,777 log "GET /static/hackathon/css/animations.css HTTP/1.1" 200 6927
INFO 2026-01-29 11:32:41,777 log "GET /static/hackathon/js/app.js HTTP/1.1" 200 5779
INFO 2026-01-29 11:32:41,777 log "GET /static/hackathon/css/style.css HTTP/1.1" 200 1381
INFO 2026-01-29 11:32:44,518 log "GET /api/schools/3/ HTTP/1.1" 200 4305
INFO 2026-01-29 11:33:34,642 log "POST /register/form/ HTTP/1.1" 302 0
INFO 2026-01-29 11:33:34,656 log "GET /profile/ HTTP/1.1" 200 9905
WARNING 2026-01-29 11:33:34,694 log Not Found: /.well-known/appspecific/com.chrome.devtools.json
WARNING 2026-01-29 11:33:34,694 log "GET /.well-known/appspecific/com.chrome.devtools.json HTTP/1.1" 404 4397
INFO 2026-01-29 11:33:34,697 log "GET /static/hackathon/css/style.css HTTP/1.1" 200 1381
INFO 2026-01-29 11:33:34,698 log "GET /static/hackathon/images/telegram_qr.png HTTP/1.1" 200 444
INFO 2026-01-29 11:33:34,698 log "GET /static/hackathon/css/animations.css HTTP/1.1" 200 6927
INFO 2026-01-29 11:33:34,699 log "GET /static/hackathon/js/app.js HTTP/1.1" 200 5779
INFO 2026-01-29 11:33:34,701 log "GET /static/hackathon/js/animations.js HTTP/1.1" 200 2232
INFO 2026-01-29 11:33:43,624 log "GET /admin/hackathon/application/add/ HTTP/1.1" 302 0
INFO 2026-01-29 11:33:43,643 log "GET /admin/login/?next=/admin/hackathon/application/add/ HTTP/1.1" 200 4136
INFO 2026-01-29 11:33:46,667 log "POST /admin/login/?next=/admin/hackathon/application/add/ HTTP/1.1" 302 0
INFO 2026-01-29 11:33:46,680 log "GET /admin/hackathon/application/add/ HTTP/1.1" 200 24803
INFO 2026-01-29 11:33:46,708 log "GET /admin/jsi18n/ HTTP/1.1" 200 3342
INFO 2026-01-29 11:33:46,709 log "GET /static/admin/css/vendor/select2/select2.css HTTP/1.1" 304 0
INFO 2026-01-29 11:33:46,709 log "GET /static/admin/js/vendor/select2/select2.full.js HTTP/1.1" 304 0
INFO 2026-01-29 11:33:46,709 log "GET /static/admin/js/vendor/select2/i18n/en.js HTTP/1.1" 304 0
INFO 2026-01-29 11:33:46,709 log "GET /static/admin/css/autocomplete.css HTTP/1.1" 304 0
INFO 2026-01-29 11:33:46,709 log "GET /static/admin/js/autocomplete.js HTTP/1.1" 304 0
INFO 2026-01-29 11:33:46,723 log "GET /static/admin/js/prepopulate_init.js HTTP/1.1" 304 0
INFO 2026-01-29 11:33:46,724 log "GET /static/admin/img/icon-changelink.svg HTTP/1.1" 304 0
INFO 2026-01-29 11:33:46,725 log "GET /static/admin/img/icon-deletelink.svg HTTP/1.1" 304 0
INFO 2026-01-29 11:33:46,732 log "GET /static/admin/js/change_form.js HTTP/1.1" 304 0
INFO 2026-01-29 11:33:49,411 log "GET /admin/hackathon/application/ HTTP/1.1" 200 35786
INFO 2026-01-29 11:33:49,424 log "GET /admin/jsi18n/ HTTP/1.1" 200 3342
INFO 2026-01-29 11:33:52,481 log "GET /admin/hackathon/application/ HTTP/1.1" 200 35786
INFO 2026-01-29 11:33:52,494 log "GET /static/admin/css/dark_mode.css HTTP/1.1" 304 0
INFO 2026-01-29 11:33:52,495 log "GET /static/admin/css/nav_sidebar.css HTTP/1.1" 304 0
INFO 2026-01-29 11:33:52,495 log "GET /static/admin/css/changelists.css HTTP/1.1" 304 0
INFO 2026-01-29 11:33:52,494 log "GET /static/admin/js/vendor/jquery/jquery.js HTTP/1.1" 304 0
INFO 2026-01-29 11:33:52,495 log "GET /static/admin/css/base.css HTTP/1.1" 304 0
INFO 2026-01-29 11:33:52,498 log "GET /static/admin/css/forms.css HTTP/1.1" 304 0
INFO 2026-01-29 11:33:52,498 log "GET /admin/jsi18n/ HTTP/1.1" 200 3342
INFO 2026-01-29 11:33:52,499 log "GET /static/admin/js/jquery.init.js HTTP/1.1" 304 0
INFO 2026-01-29 11:33:52,499 log "GET /static/admin/js/core.js HTTP/1.1" 304 0
INFO 2026-01-29 11:33:52,499 log "GET /static/admin/css/responsive.css HTTP/1.1" 304 0
INFO 2026-01-29 11:33:52,500 log "GET /static/admin/js/theme.js HTTP/1.1" 304 0
INFO 2026-01-29 11:33:52,501 log "GET /static/admin/js/vendor/xregexp/xregexp.js HTTP/1.1" 304 0
INFO 2026-01-29 11:33:52,501 log "GET /static/admin/js/actions.js HTTP/1.1" 304 0
INFO 2026-01-29 11:33:52,502 log "GET /static/admin/js/prepopulate.js HTTP/1.1" 304 0
INFO 2026-01-29 11:33:52,503 log "GET /static/admin/js/admin/RelatedObjectLookups.js HTTP/1.1" 304 0
INFO 2026-01-29 11:33:52,503 log "GET /static/admin/js/urlify.js HTTP/1.1" 304 0
INFO 2026-01-29 11:33:52,503 log "GET /static/admin/img/search.svg HTTP/1.1" 304 0
INFO 2026-01-29 11:33:52,504 log "GET /static/admin/css/widgets.css HTTP/1.1" 304 0
INFO 2026-01-29 11:33:52,505 log "GET /static/admin/js/nav_sidebar.js HTTP/1.1" 304 0
INFO 2026-01-29 11:33:52,506 log "GET /static/admin/js/filters.js HTTP/1.1" 304 0
INFO 2026-01-29 11:33:58,606 log "GET /admin/hackathon/application/ HTTP/1.1" 200 35786
INFO 2026-01-29 11:33:58,627 log "GET /static/admin/js/core.js HTTP/1.1" 200 6208
INFO 2026-01-29 11:33:58,628 log "GET /static/admin/css/changelists.css HTTP/1.1" 200 7501
INFO 2026-01-29 11:33:58,628 log "GET /static/admin/css/dark_mode.css HTTP/1.1" 200 3538
INFO 2026-01-29 11:33:58,628 log "GET /static/admin/js/theme.js HTTP/1.1" 200 1653
INFO 2026-01-29 11:33:58,628 log "GET /static/admin/css/base.css HTTP/1.1" 200 23100
INFO 2026-01-29 11:33:58,629 log "GET /static/admin/js/vendor/jquery/jquery.js HTTP/1.1" 200 285314
INFO 2026-01-29 11:33:58,635 log "GET /static/admin/css/forms.css HTTP/1.1" 200 8788
INFO 2026-01-29 11:33:58,636 log "GET /static/admin/css/nav_sidebar.css HTTP/1.1" 200 2810
INFO 2026-01-29 11:33:58,636 log "GET /static/admin/js/jquery.init.js HTTP/1.1" 200 347
INFO 2026-01-29 11:33:58,637 log "GET /static/admin/css/responsive.css HTTP/1.1" 200 16273
INFO 2026-01-29 11:33:58,637 log "GET /static/admin/js/admin/RelatedObjectLookups.js HTTP/1.1" 200 9777
INFO 2026-01-29 11:33:58,638 log "GET /static/admin/js/actions.js HTTP/1.1" 200 8076
INFO 2026-01-29 11:33:58,639 log "GET /admin/jsi18n/ HTTP/1.1" 200 3342
INFO 2026-01-29 11:33:58,639 log "GET /static/admin/js/urlify.js HTTP/1.1" 200 7887
INFO 2026-01-29 11:33:58,640 log "GET /static/admin/css/widgets.css HTTP/1.1" 200 11811
INFO 2026-01-29 11:33:58,640 log "GET /static/admin/js/prepopulate.js HTTP/1.1" 200 1531
INFO 2026-01-29 11:33:58,641 log "GET /static/admin/img/search.svg HTTP/1.1" 200 607
INFO 2026-01-29 11:33:58,642 log "GET /static/admin/js/vendor/xregexp/xregexp.js HTTP/1.1" 200 325171
INFO 2026-01-29 11:33:58,643 log "GET /static/admin/js/nav_sidebar.js HTTP/1.1" 200 3063
INFO 2026-01-29 11:33:58,644 log "GET /static/admin/js/filters.js HTTP/1.1" 200 978
INFO 2026-01-29 11:33:58,648 log "GET /static/admin/img/icon-addlink.svg HTTP/1.1" 200 593
INFO 2026-01-29 11:33:58,649 log "GET /static/admin/img/tooltag-add.svg HTTP/1.1" 200 593
INFO 2026-01-29 11:33:58,649 log "GET /static/admin/img/icon-viewlink.svg HTTP/1.1" 200 928
INFO 2026-01-29 11:33:58,649 log "GET /static/admin/img/sorting-icons.svg HTTP/1.1" 200 1761
WARNING 2026-01-29 11:33:58,664 log Not Found: /favicon.ico
WARNING 2026-01-29 11:33:58,665 log "GET /favicon.ico HTTP/1.1" 404 4286
INFO 2026-01-29 11:34:19,305 log "GET /admin/hackathon/application/ HTTP/1.1" 200 35786
INFO 2026-01-29 11:34:19,319 log "GET /admin/jsi18n/ HTTP/1.1" 200 3342
INFO 2026-01-29 11:34:27,168 log "GET /admin/hackathon/application/ HTTP/1.1" 200 35786
INFO 2026-01-29 11:34:27,183 log "GET /static/admin/css/base.css HTTP/1.1" 200 23100
INFO 2026-01-29 11:34:27,184 log "GET /static/admin/css/changelists.css HTTP/1.1" 200 7501
INFO 2026-01-29 11:34:27,184 log "GET /static/admin/css/dark_mode.css HTTP/1.1" 200 3538
INFO 2026-01-29 11:34:27,186 log "GET /static/admin/js/theme.js HTTP/1.1" 200 1653
INFO 2026-01-29 11:34:27,185 log "GET /static/admin/css/forms.css HTTP/1.1" 200 8788
INFO 2026-01-29 11:34:27,188 log "GET /admin/jsi18n/ HTTP/1.1" 200 3342
INFO 2026-01-29 11:34:27,189 log "GET /static/admin/js/urlify.js HTTP/1.1" 200 7887
INFO 2026-01-29 11:34:27,189 log "GET /static/admin/css/responsive.css HTTP/1.1" 200 16273
INFO 2026-01-29 11:34:27,190 log "GET /static/admin/css/nav_sidebar.css HTTP/1.1" 200 2810
INFO 2026-01-29 11:34:27,190 log "GET /static/admin/js/jquery.init.js HTTP/1.1" 200 347
INFO 2026-01-29 11:34:27,191 log "GET /static/admin/js/prepopulate.js HTTP/1.1" 200 1531
INFO 2026-01-29 11:34:27,192 log "GET /static/admin/js/admin/RelatedObjectLookups.js HTTP/1.1" 200 9777
INFO 2026-01-29 11:34:27,192 log "GET /static/admin/js/core.js HTTP/1.1" 200 6208
INFO 2026-01-29 11:34:27,192 log "GET /static/admin/js/actions.js HTTP/1.1" 200 8076
INFO 2026-01-29 11:34:27,192 log "GET /static/admin/css/widgets.css HTTP/1.1" 200 11811
INFO 2026-01-29 11:34:27,193 log "GET /static/admin/js/vendor/jquery/jquery.js HTTP/1.1" 200 285314
INFO 2026-01-29 11:34:27,195 log "GET /static/admin/js/vendor/xregexp/xregexp.js HTTP/1.1" 200 325171
INFO 2026-01-29 11:34:27,198 log "GET /static/admin/img/search.svg HTTP/1.1" 200 607
INFO 2026-01-29 11:34:27,202 log "GET /static/admin/js/filters.js HTTP/1.1" 200 978
INFO 2026-01-29 11:34:27,202 log "GET /static/admin/js/nav_sidebar.js HTTP/1.1" 200 3063
INFO 2026-01-29 11:34:27,205 log "GET /static/admin/img/icon-viewlink.svg HTTP/1.1" 200 928
INFO 2026-01-29 11:34:27,205 log "GET /static/admin/img/tooltag-add.svg HTTP/1.1" 200 593
INFO 2026-01-29 11:34:27,205 log "GET /static/admin/img/icon-addlink.svg HTTP/1.1" 200 593
INFO 2026-01-29 11:34:27,206 log "GET /static/admin/img/sorting-icons.svg HTTP/1.1" 200 1761
WARNING 2026-01-29 11:34:27,224 log Not Found: /favicon.ico
WARNING 2026-01-29 11:34:27,224 log "GET /favicon.ico HTTP/1.1" 404 4286
INFO 2026-01-29 11:35:00,754 tasks Application 15 tahlil qilindi | quality=low | decision=rejected
INFO 2026-01-29 11:35:05,771 tasks Application 22 tahlil qilindi | quality=medium | decision=accepted
INFO 2026-01-29 11:35:07,572 log "GET /admin/hackathon/application/ HTTP/1.1" 200 35864
INFO 2026-01-29 11:35:07,593 log "GET /admin/jsi18n/ HTTP/1.1" 200 3342
INFO 2026-01-29 11:35:18,261 log "GET /admin/hackathon/application/22/change/ HTTP/1.1" 200 25552
INFO 2026-01-29 11:35:18,279 log "GET /admin/jsi18n/ HTTP/1.1" 200 3342
INFO 2026-01-29 11:35:39,388 log "POST /admin/hackathon/application/22/change/ HTTP/1.1" 302 0
INFO 2026-01-29 11:35:39,425 log "GET /admin/hackathon/application/ HTTP/1.1" 200 36089
INFO 2026-01-29 11:35:39,443 log "GET /admin/jsi18n/ HTTP/1.1" 200 3342
INFO 2026-01-29 11:35:39,455 log "GET /static/admin/img/icon-yes-dark.svg HTTP/1.1" 304 0
INFO 2026-01-29 11:35:40,828 log "GET /profile/ HTTP/1.1" 200 9945
WARNING 2026-01-29 11:35:40,858 log Not Found: /.well-known/appspecific/com.chrome.devtools.json
WARNING 2026-01-29 11:35:40,860 log "GET /.well-known/appspecific/com.chrome.devtools.json HTTP/1.1" 404 4397
INFO 2026-01-29 11:35:40,861 log "GET /static/hackathon/css/style.css HTTP/1.1" 200 1381
INFO 2026-01-29 11:35:40,861 log "GET /static/hackathon/images/telegram_qr.png HTTP/1.1" 200 444
INFO 2026-01-29 11:35:40,861 log "GET /static/hackathon/css/animations.css HTTP/1.1" 200 6927
INFO 2026-01-29 11:35:40,861 log "GET /static/hackathon/js/app.js HTTP/1.1" 200 5779
INFO 2026-01-29 11:35:40,868 log "GET /static/hackathon/js/animations.js HTTP/1.1" 200 2232
INFO 2026-01-29 11:35:52,158 log "GET /static/hackathon/images/telegram_qr.png HTTP/1.1" 200 444
INFO 2026-01-29 11:36:05,225 log "POST /admin/hackathon/application/ HTTP/1.1" 302 0
INFO 2026-01-29 11:36:05,259 log "GET /admin/hackathon/application/ HTTP/1.1" 200 36003
INFO 2026-01-29 11:36:05,272 log "GET /admin/jsi18n/ HTTP/1.1" 200 3342
INFO 2026-01-29 11:36:06,594 log "GET /profile/ HTTP/1.1" 200 9867
WARNING 2026-01-29 11:36:06,624 log Not Found: /.well-known/appspecific/com.chrome.devtools.json
WARNING 2026-01-29 11:36:06,626 log "GET /.well-known/appspecific/com.chrome.devtools.json HTTP/1.1" 404 4397
INFO 2026-01-29 11:36:06,627 log "GET /static/hackathon/css/style.css HTTP/1.1" 200 1381
INFO 2026-01-29 11:36:06,627 log "GET /static/hackathon/images/telegram_qr.png HTTP/1.1" 200 444
INFO 2026-01-29 11:36:06,627 log "GET /static/hackathon/css/animations.css HTTP/1.1" 200 6927
INFO 2026-01-29 11:36:06,627 log "GET /static/hackathon/js/app.js HTTP/1.1" 200 5779
INFO 2026-01-29 11:36:06,631 log "GET /static/hackathon/js/animations.js HTTP/1.1" 200 2232
INFO 2026-01-29 11:36:14,706 log "POST /admin/hackathon/application/ HTTP/1.1" 302 0
INFO 2026-01-29 11:36:14,732 log "GET /admin/hackathon/application/ HTTP/1.1" 200 36003
INFO 2026-01-29 11:36:14,747 log "GET /admin/jsi18n/ HTTP/1.1" 200 3342
INFO 2026-01-29 11:36:16,103 log "GET /profile/ HTTP/1.1" 200 9905
WARNING 2026-01-29 11:36:16,123 log Not Found: /.well-known/appspecific/com.chrome.devtools.json
WARNING 2026-01-29 11:36:16,126 log "GET /.well-known/appspecific/com.chrome.devtools.json HTTP/1.1" 404 4397
INFO 2026-01-29 11:36:16,126 log "GET /static/hackathon/images/telegram_qr.png HTTP/1.1" 200 444
INFO 2026-01-29 11:36:16,126 log "GET /static/hackathon/css/animations.css HTTP/1.1" 200 6927
INFO 2026-01-29 11:36:16,126 log "GET /static/hackathon/css/style.css HTTP/1.1" 200 1381
INFO 2026-01-29 11:36:16,127 log "GET /static/hackathon/js/app.js HTTP/1.1" 200 5779
INFO 2026-01-29 11:36:16,136 log "GET /static/hackathon/js/animations.js HTTP/1.1" 200 2232
INFO 2026-01-29 11:36:22,723 log "GET / HTTP/1.1" 302 0
INFO 2026-01-29 11:36:22,738 log "GET /profile/ HTTP/1.1" 200 9905
WARNING 2026-01-29 11:36:22,772 log Not Found: /.well-known/appspecific/com.chrome.devtools.json
WARNING 2026-01-29 11:36:22,773 log "GET /.well-known/appspecific/com.chrome.devtools.json HTTP/1.1" 404 4397
INFO 2026-01-29 11:36:22,774 log "GET /static/hackathon/css/animations.css HTTP/1.1" 200 6927
INFO 2026-01-29 11:36:22,775 log "GET /static/hackathon/css/style.css HTTP/1.1" 200 1381
INFO 2026-01-29 11:36:22,775 log "GET /static/hackathon/images/telegram_qr.png HTTP/1.1" 200 444
INFO 2026-01-29 11:36:22,775 log "GET /static/hackathon/js/app.js HTTP/1.1" 200 5779
INFO 2026-01-29 11:36:22,785 log "GET /static/hackathon/js/animations.js HTTP/1.1" 200 2232
INFO 2026-01-29 11:36:27,058 log "GET /logout/ HTTP/1.1" 302 0
INFO 2026-01-29 11:36:27,072 log "GET /login/ HTTP/1.1" 200 9509
WARNING 2026-01-29 11:36:27,104 log Not Found: /.well-known/appspecific/com.chrome.devtools.json
WARNING 2026-01-29 11:36:27,105 log "GET /.well-known/appspecific/com.chrome.devtools.json HTTP/1.1" 404 4397
INFO 2026-01-29 11:36:27,106 log "GET /static/hackathon/css/animations.css HTTP/1.1" 200 6927
INFO 2026-01-29 11:36:27,106 log "GET /static/hackathon/js/animations.js HTTP/1.1" 200 2232
INFO 2026-01-29 11:36:27,106 log "GET /static/hackathon/css/style.css HTTP/1.1" 200 1381
INFO 2026-01-29 11:36:27,106 log "GET /static/hackathon/js/app.js HTTP/1.1" 200 5779
INFO 2026-01-29 11:36:31,187 log "GET / HTTP/1.1" 200 13738
WARNING 2026-01-29 11:36:31,225 log Not Found: /.well-known/appspecific/com.chrome.devtools.json
WARNING 2026-01-29 11:36:31,226 log "GET /.well-known/appspecific/com.chrome.devtools.json HTTP/1.1" 404 4397
INFO 2026-01-29 11:36:31,227 log "GET /static/hackathon/css/animations.css HTTP/1.1" 200 6927
INFO 2026-01-29 11:36:31,227 log "GET /static/hackathon/css/style.css HTTP/1.1" 200 1381
INFO 2026-01-29 11:36:31,232 log "GET /static/hackathon/js/app.js HTTP/1.1" 200 5779
INFO 2026-01-29 11:36:31,235 log "GET /static/hackathon/js/animations.js HTTP/1.1" 200 2232
INFO 2026-02-03 15:32:32,102 autoreload Watching for file changes with StatReloader
INFO 2026-02-03 15:32:34,276 log "GET / HTTP/1.1" 200 13738
INFO 2026-02-03 15:32:34,308 log "GET /static/hackathon/css/animations.css HTTP/1.1" 304 0
INFO 2026-02-03 15:32:34,308 log "GET /static/hackathon/css/style.css HTTP/1.1" 304 0
INFO 2026-02-03 15:32:34,309 log "GET /static/hackathon/js/app.js HTTP/1.1" 304 0
INFO 2026-02-03 15:32:34,312 log "GET /static/hackathon/js/animations.js HTTP/1.1" 304 0
WARNING 2026-02-03 15:32:35,224 log "GET /favicon.ico HTTP/1.1" 404 4286
INFO 2026-02-03 15:38:30,322 autoreload /Users/dovudbek/Documents/hack/ai-hackaton/hackathon/models.py changed, reloading.
INFO 2026-02-03 15:38:30,722 autoreload Watching for file changes with StatReloader
INFO 2026-02-03 15:38:58,296 autoreload /Users/dovudbek/Documents/hack/ai-hackaton/hackathon/views.py changed, reloading.
INFO 2026-02-03 15:38:58,669 autoreload Watching for file changes with StatReloader
INFO 2026-02-03 15:39:31,382 autoreload /Users/dovudbek/Documents/hack/ai-hackaton/hackathon/views.py changed, reloading.
INFO 2026-02-03 15:39:31,761 autoreload Watching for file changes with StatReloader
INFO 2026-02-03 15:43:10,008 autoreload Watching for file changes with StatReloader
INFO 2026-02-03 15:43:30,528 log "GET / HTTP/1.1" 200 13738
INFO 2026-02-03 15:43:33,619 log "GET / HTTP/1.1" 200 13738
INFO 2026-02-03 15:43:34,735 log "GET /admin/ HTTP/1.1" 302 0
INFO 2026-02-03 15:43:34,757 log "GET /admin/login/?next=/admin/ HTTP/1.1" 200 4084
INFO 2026-02-03 15:43:34,765 log "GET /static/admin/css/dark_mode.css HTTP/1.1" 304 0
INFO 2026-02-03 15:43:34,765 log "GET /static/admin/css/base.css HTTP/1.1" 304 0
INFO 2026-02-03 15:43:34,765 log "GET /static/admin/js/theme.js HTTP/1.1" 304 0
INFO 2026-02-03 15:43:34,778 log "GET /static/admin/css/login.css HTTP/1.1" 304 0
INFO 2026-02-03 15:43:34,778 log "GET /static/admin/css/nav_sidebar.css HTTP/1.1" 304 0
INFO 2026-02-03 15:43:34,778 log "GET /static/admin/css/responsive.css HTTP/1.1" 304 0
INFO 2026-02-03 15:43:34,782 log "GET /static/admin/js/nav_sidebar.js HTTP/1.1" 304 0
INFO 2026-02-03 15:43:37,976 log "POST /admin/login/?next=/admin/ HTTP/1.1" 200 4252
INFO 2026-02-03 15:44:01,986 autoreload Watching for file changes with StatReloader
INFO 2026-02-03 15:44:04,729 log "POST /admin/login/?next=/admin/ HTTP/1.1" 302 0
INFO 2026-02-03 15:44:04,741 log "GET /admin/ HTTP/1.1" 200 8357
INFO 2026-02-03 15:44:04,767 log "GET /static/admin/css/dashboard.css HTTP/1.1" 304 0
INFO 2026-02-03 15:44:04,767 log "GET /static/admin/img/icon-changelink.svg HTTP/1.1" 304 0
INFO 2026-02-03 15:44:04,767 log "GET /static/admin/img/icon-addlink.svg HTTP/1.1" 304 0
INFO 2026-02-03 15:44:06,071 log "GET /admin/hackathon/application/ HTTP/1.1" 200 13910
INFO 2026-02-03 15:44:06,087 log "GET /static/admin/css/forms.css HTTP/1.1" 304 0
INFO 2026-02-03 15:44:06,087 log "GET /static/admin/css/changelists.css HTTP/1.1" 304 0
INFO 2026-02-03 15:44:06,088 log "GET /static/admin/js/vendor/jquery/jquery.js HTTP/1.1" 304 0
INFO 2026-02-03 15:44:06,089 log "GET /static/admin/js/actions.js HTTP/1.1" 304 0
INFO 2026-02-03 15:44:06,089 log "GET /static/admin/js/jquery.init.js HTTP/1.1" 304 0
INFO 2026-02-03 15:44:06,089 log "GET /static/admin/js/admin/RelatedObjectLookups.js HTTP/1.1" 304 0
INFO 2026-02-03 15:44:06,091 log "GET /static/admin/js/core.js HTTP/1.1" 304 0
INFO 2026-02-03 15:44:06,092 log "GET /static/admin/js/prepopulate.js HTTP/1.1" 304 0
INFO 2026-02-03 15:44:06,092 log "GET /static/admin/js/vendor/xregexp/xregexp.js HTTP/1.1" 304 0
INFO 2026-02-03 15:44:06,092 log "GET /static/admin/js/urlify.js HTTP/1.1" 304 0
INFO 2026-02-03 15:44:06,092 log "GET /static/admin/css/widgets.css HTTP/1.1" 304 0
INFO 2026-02-03 15:44:06,094 log "GET /admin/jsi18n/ HTTP/1.1" 200 3342
INFO 2026-02-03 15:44:06,095 log "GET /static/admin/img/search.svg HTTP/1.1" 304 0
INFO 2026-02-03 15:44:06,098 log "GET /static/admin/js/filters.js HTTP/1.1" 304 0
INFO 2026-02-03 15:44:06,113 log "GET /static/admin/img/tooltag-add.svg HTTP/1.1" 304 0
INFO 2026-02-03 15:44:06,113 log "GET /static/admin/img/icon-viewlink.svg HTTP/1.1" 304 0
INFO 2026-02-03 15:44:06,920 log "GET /admin/ HTTP/1.1" 200 8357
INFO 2026-02-03 15:44:08,241 log "GET /admin/hackathon/region/ HTTP/1.1" 200 10935
INFO 2026-02-03 15:44:08,267 log "GET /admin/jsi18n/ HTTP/1.1" 200 3342
INFO 2026-02-03 15:44:09,573 log "GET /admin/hackathon/school/ HTTP/1.1" 200 9815
INFO 2026-02-03 15:44:09,586 log "GET /admin/jsi18n/ HTTP/1.1" 200 3342
INFO 2026-02-03 15:44:12,378 log "GET /admin/hackathon/application/ HTTP/1.1" 200 13910
INFO 2026-02-03 15:44:12,401 log "GET /admin/jsi18n/ HTTP/1.1" 200 3342
INFO 2026-02-03 15:44:32,677 log "GET /admin/auth/user/ HTTP/1.1" 200 13416
INFO 2026-02-03 15:44:32,691 log "GET /admin/jsi18n/ HTTP/1.1" 200 3342
INFO 2026-02-03 15:44:32,699 log "GET /static/admin/img/icon-yes.svg HTTP/1.1" 200 558
INFO 2026-02-03 15:44:32,713 log "GET /static/admin/img/sorting-icons.svg HTTP/1.1" 304 0
INFO 2026-02-03 15:44:37,081 log "GET /register/ HTTP/1.1" 200 9435
INFO 2026-02-03 15:44:49,215 log "POST /register/ HTTP/1.1" 302 0
INFO 2026-02-03 15:44:49,224 log "GET /register/otp/ HTTP/1.1" 200 6872
INFO 2026-02-03 15:44:58,741 log "POST /register/otp/ HTTP/1.1" 302 0
INFO 2026-02-03 15:44:58,747 log "GET /register/form/ HTTP/1.1" 200 11442
INFO 2026-02-03 15:45:03,110 log "GET /admin/auth/user/ HTTP/1.1" 200 13416
INFO 2026-02-03 15:45:03,127 log "GET /admin/jsi18n/ HTTP/1.1" 200 3342
INFO 2026-02-03 15:45:03,789 log "GET /admin/auth/user/ HTTP/1.1" 200 13416
INFO 2026-02-03 15:45:03,811 log "GET /admin/jsi18n/ HTTP/1.1" 200 3342
INFO 2026-02-03 15:45:04,564 log "GET /admin/hackathon/application/ HTTP/1.1" 200 17666
INFO 2026-02-03 15:45:04,593 log "GET /admin/jsi18n/ HTTP/1.1" 200 3342
INFO 2026-02-03 15:49:11,240 log "GET /admin/hackathon/application/ HTTP/1.1" 200 18019
INFO 2026-02-03 15:49:11,254 log "GET /admin/jsi18n/ HTTP/1.1" 200 3342
INFO 2026-02-03 15:49:12,342 log "GET /admin/hackathon/application/ HTTP/1.1" 200 18019
INFO 2026-02-03 15:49:12,368 log "GET /admin/jsi18n/ HTTP/1.1" 200 3342
INFO 2026-02-03 15:49:12,880 log "GET /admin/hackathon/region/ HTTP/1.1" 200 13534
INFO 2026-02-03 15:49:12,907 log "GET /admin/jsi18n/ HTTP/1.1" 200 3342
INFO 2026-02-03 15:49:14,659 log "GET /admin/hackathon/school/ HTTP/1.1" 200 31391
INFO 2026-02-03 15:49:14,673 log "GET /admin/jsi18n/ HTTP/1.1" 200 3342
INFO 2026-02-03 15:49:34,257 log "GET /register/form/ HTTP/1.1" 200 11936
INFO 2026-02-03 15:49:36,777 log "GET /api/schools/1/ HTTP/1.1" 200 1632
INFO 2026-02-03 15:50:24,897 log "GET / HTTP/1.1" 302 0
INFO 2026-02-03 15:50:24,909 log "GET /profile/ HTTP/1.1" 200 9892
INFO 2026-02-03 15:50:24,933 log "GET /static/hackathon/images/telegram_qr.png HTTP/1.1" 304 0
INFO 2026-02-03 15:50:34,653 log "GET /logout/ HTTP/1.1" 302 0
INFO 2026-02-03 15:50:34,667 log "GET /login/ HTTP/1.1" 200 9495
INFO 2026-02-03 15:50:40,831 log "POST /login/ HTTP/1.1" 302 0
INFO 2026-02-03 15:50:40,838 log "GET /register/otp/ HTTP/1.1" 200 6859
INFO 2026-02-03 15:50:57,946 log "POST /register/otp/ HTTP/1.1" 302 0
INFO 2026-02-03 15:50:57,952 log "GET /profile/ HTTP/1.1" 200 9892
INFO 2026-02-03 15:51:06,298 log "GET /register/ HTTP/1.1" 302 0
INFO 2026-02-03 15:51:06,304 log "GET /profile/ HTTP/1.1" 200 9892
INFO 2026-02-03 15:51:25,902 log "POST /admin/hackathon/school/ HTTP/1.1" 302 0
INFO 2026-02-03 15:51:25,924 log "GET /admin/login/?next=/admin/hackathon/school/ HTTP/1.1" 200 4118
INFO 2026-02-03 15:51:29,677 log "POST /admin/login/?next=/admin/hackathon/school/ HTTP/1.1" 302 0
INFO 2026-02-03 15:51:29,691 log "GET /admin/hackathon/school/ HTTP/1.1" 200 31391
INFO 2026-02-03 15:51:29,719 log "GET /admin/jsi18n/ HTTP/1.1" 200 3342
INFO 2026-02-03 15:51:34,567 log "POST /admin/hackathon/school/ HTTP/1.1" 200 18115
INFO 2026-02-03 15:51:34,594 log "GET /static/admin/js/cancel.js HTTP/1.1" 200 884
INFO 2026-02-03 15:51:36,637 log "POST /admin/hackathon/school/ HTTP/1.1" 302 0
INFO 2026-02-03 15:51:36,654 log "GET /admin/hackathon/school/ HTTP/1.1" 200 10647
INFO 2026-02-03 15:51:36,668 log "GET /admin/jsi18n/ HTTP/1.1" 200 3342
INFO 2026-02-03 15:51:36,678 log "GET /static/admin/img/icon-yes-dark.svg HTTP/1.1" 304 0
INFO 2026-02-03 15:51:38,031 log "GET /admin/hackathon/application/ HTTP/1.1" 200 18019
INFO 2026-02-03 15:51:38,049 log "GET /admin/jsi18n/ HTTP/1.1" 200 3342
INFO 2026-02-03 15:51:42,340 log "GET /admin/hackathon/school/ HTTP/1.1" 200 10507
INFO 2026-02-03 15:51:42,372 log "GET /admin/jsi18n/ HTTP/1.1" 200 3342
INFO 2026-02-03 15:51:42,895 log "GET /admin/hackathon/region/ HTTP/1.1" 200 13534
INFO 2026-02-03 15:51:42,907 log "GET /admin/jsi18n/ HTTP/1.1" 200 3342
INFO 2026-02-03 15:51:45,675 log "POST /admin/hackathon/region/ HTTP/1.1" 200 9341
INFO 2026-02-03 15:51:46,461 log "POST /admin/hackathon/region/ HTTP/1.1" 302 0
INFO 2026-02-03 15:51:46,475 log "GET /admin/hackathon/region/ HTTP/1.1" 200 11073
INFO 2026-02-03 15:51:46,490 log "GET /admin/jsi18n/ HTTP/1.1" 200 3342
INFO 2026-02-03 15:52:42,331 log "GET /admin/hackathon/region/ HTTP/1.1" 200 10935
INFO 2026-02-03 15:52:42,352 log "GET /admin/jsi18n/ HTTP/1.1" 200 3342
INFO 2026-02-03 15:52:44,141 log "GET /admin/hackathon/school/ HTTP/1.1" 200 9815
INFO 2026-02-03 15:52:44,167 log "GET /admin/jsi18n/ HTTP/1.1" 200 3342
INFO 2026-02-03 15:52:45,507 log "GET /admin/hackathon/region/ HTTP/1.1" 200 10935
INFO 2026-02-03 15:52:45,526 log "GET /admin/jsi18n/ HTTP/1.1" 200 3342
INFO 2026-02-03 15:54:16,110 log "GET /admin/hackathon/region/ HTTP/1.1" 200 13534
INFO 2026-02-03 15:54:16,120 log "GET /admin/jsi18n/ HTTP/1.1" 200 3342
INFO 2026-02-03 15:54:17,655 log "GET /admin/hackathon/school/ HTTP/1.1" 200 31487
INFO 2026-02-03 15:54:17,669 log "GET /admin/jsi18n/ HTTP/1.1" 200 3342
INFO 2026-02-03 15:54:25,562 log "GET /register/form/ HTTP/1.1" 200 11936
INFO 2026-02-03 15:54:27,649 log "GET /api/schools/4/ HTTP/1.1" 200 340
INFO 2026-02-03 15:54:35,881 log "GET /api/schools/3/ HTTP/1.1" 200 1661
INFO 2026-02-03 15:56:45,249 log "GET /admin/hackathon/school/ HTTP/1.1" 200 48096
INFO 2026-02-03 15:56:45,264 log "GET /admin/jsi18n/ HTTP/1.1" 200 3342
INFO 2026-02-03 15:56:51,696 log "GET /admin/hackathon/region/ HTTP/1.1" 200 21500
INFO 2026-02-03 15:56:51,718 log "GET /admin/jsi18n/ HTTP/1.1" 200 3342
INFO 2026-02-03 15:57:06,057 log "GET /admin/hackathon/region/5/change/ HTTP/1.1" 200 12326
INFO 2026-02-03 15:57:06,069 log "GET /static/admin/js/prepopulate_init.js HTTP/1.1" 304 0
INFO 2026-02-03 15:57:06,069 log "GET /static/admin/js/calendar.js HTTP/1.1" 200 9159
INFO 2026-02-03 15:57:06,070 log "GET /static/admin/js/admin/DateTimeShortcuts.js HTTP/1.1" 200 19698
INFO 2026-02-03 15:57:06,070 log "GET /admin/jsi18n/ HTTP/1.1" 200 3342
INFO 2026-02-03 15:57:06,077 log "GET /static/admin/js/change_form.js HTTP/1.1" 304 0
INFO 2026-02-03 15:57:06,096 log "GET /static/admin/img/icon-calendar.svg HTTP/1.1" 200 1112
INFO 2026-02-03 15:57:07,320 log "GET /admin/hackathon/region/ HTTP/1.1" 200 21500
INFO 2026-02-03 16:02:46,725 autoreload /Users/dovudbek/Documents/hack/ai-hackaton/hackathon/models.py changed, reloading.
INFO 2026-02-03 16:02:47,154 autoreload Watching for file changes with StatReloader
INFO 2026-02-03 16:02:58,480 autoreload /Users/dovudbek/Documents/hack/ai-hackaton/hackathon/views.py changed, reloading.
INFO 2026-02-03 16:02:58,874 autoreload Watching for file changes with StatReloader
INFO 2026-02-03 16:03:23,407 autoreload /Users/dovudbek/Documents/hack/ai-hackaton/hackathon/views.py changed, reloading.
INFO 2026-02-03 16:03:23,631 autoreload Watching for file changes with StatReloader
INFO 2026-02-03 16:03:45,575 log "GET /register/otp/ HTTP/1.1" 200 6872
INFO 2026-02-03 16:03:47,728 log "POST /register/otp/ HTTP/1.1" 200 7186
INFO 2026-02-03 16:04:06,617 log "GET /register/otp/ HTTP/1.1" 200 6872
INFO 2026-02-03 16:04:08,161 log "GET /register/ HTTP/1.1" 302 0
INFO 2026-02-03 16:04:09,677 log "GET / HTTP/1.1" 302 0
INFO 2026-02-03 16:04:09,690 log "GET /profile/ HTTP/1.1" 302 0
INFO 2026-02-03 16:04:11,622 log "GET / HTTP/1.1" 302 0
INFO 2026-02-03 16:04:11,629 log "GET /profile/ HTTP/1.1" 302 0
INFO 2026-02-03 16:04:11,642 log "GET /register/form/ HTTP/1.1" 200 16055
INFO 2026-02-03 16:04:13,440 log "GET / HTTP/1.1" 302 0
INFO 2026-02-03 16:04:13,463 log "GET /profile/ HTTP/1.1" 302 0
INFO 2026-02-03 16:04:13,474 log "GET /register/form/ HTTP/1.1" 200 16055
INFO 2026-02-03 16:04:15,761 log "GET / HTTP/1.1" 302 0
INFO 2026-02-03 16:04:15,767 log "GET /profile/ HTTP/1.1" 302 0
INFO 2026-02-03 16:04:15,773 log "GET /register/form/ HTTP/1.1" 200 16055
INFO 2026-02-03 16:04:20,236 log "GET / HTTP/1.1" 302 0
INFO 2026-02-03 16:04:20,242 log "GET /profile/ HTTP/1.1" 302 0
INFO 2026-02-03 16:04:20,247 log "GET /register/form/ HTTP/1.1" 200 16055
INFO 2026-02-03 16:04:22,689 log "GET /api/schools/8/ HTTP/1.1" 200 2244
INFO 2026-02-03 16:04:44,586 log "GET /admin/hackathon/application/ HTTP/1.1" 200 19228
INFO 2026-02-03 16:04:44,598 log "GET /admin/jsi18n/ HTTP/1.1" 200 3342
INFO 2026-02-03 16:04:54,198 log "POST /register/form/ HTTP/1.1" 302 0
INFO 2026-02-03 16:04:54,209 log "GET /profile/ HTTP/1.1" 200 9874
INFO 2026-02-03 16:05:02,089 log "GET /admin/hackathon/application/ HTTP/1.1" 200 19228
INFO 2026-02-03 16:05:02,106 log "GET /admin/jsi18n/ HTTP/1.1" 200 3342
INFO 2026-02-03 16:05:09,392 log "GET /logout/ HTTP/1.1" 302 0
INFO 2026-02-03 16:05:09,406 log "GET /login/ HTTP/1.1" 200 9495
INFO 2026-02-03 16:05:11,472 log "GET / HTTP/1.1" 200 13738
INFO 2026-02-03 16:05:13,821 log "GET /login/ HTTP/1.1" 200 9495
INFO 2026-02-03 16:05:16,073 log "GET / HTTP/1.1" 200 13738
INFO 2026-02-03 16:05:17,901 log "GET /register/ HTTP/1.1" 200 9435
INFO 2026-02-03 16:05:25,824 log "POST /register/ HTTP/1.1" 302 0
INFO 2026-02-03 16:05:25,832 log "GET /register/otp/ HTTP/1.1" 200 6872
INFO 2026-02-03 16:05:36,568 log "POST /register/otp/ HTTP/1.1" 302 0
INFO 2026-02-03 16:05:36,575 log "GET /register/form/ HTTP/1.1" 200 16055
INFO 2026-02-03 16:05:40,407 log "GET / HTTP/1.1" 302 0
INFO 2026-02-03 16:05:40,413 log "GET /profile/ HTTP/1.1" 302 0
INFO 2026-02-03 16:05:40,417 log "GET /register/form/ HTTP/1.1" 200 16055
INFO 2026-02-03 16:05:42,441 log "GET / HTTP/1.1" 302 0
INFO 2026-02-03 16:05:42,448 log "GET /profile/ HTTP/1.1" 302 0
INFO 2026-02-03 16:05:42,452 log "GET /register/form/ HTTP/1.1" 200 16055
INFO 2026-02-03 16:06:05,712 log "GET /admin/hackathon/application/ HTTP/1.1" 302 0
INFO 2026-02-03 16:06:05,735 log "GET /admin/login/?next=/admin/hackathon/application/ HTTP/1.1" 200 4128
INFO 2026-02-03 16:06:09,715 log "POST /admin/login/?next=/admin/hackathon/application/ HTTP/1.1" 302 0
INFO 2026-02-03 16:06:09,724 log "GET /admin/hackathon/application/ HTTP/1.1" 200 20125
INFO 2026-02-03 16:06:09,751 log "GET /admin/jsi18n/ HTTP/1.1" 200 3342
INFO 2026-02-03 16:15:19,126 log "GET /admin/hackathon/school/ HTTP/1.1" 200 48096
INFO 2026-02-03 16:15:19,138 log "GET /admin/jsi18n/ HTTP/1.1" 200 3342
INFO 2026-02-03 16:16:32,278 log "GET /admin/hackathon/school/ HTTP/1.1" 200 48096
INFO 2026-02-03 16:16:32,293 log "GET /admin/jsi18n/ HTTP/1.1" 200 3342
WARNING 2026-02-03 16:16:32,322 log "GET /favicon.ico HTTP/1.1" 404 4286
INFO 2026-02-03 16:16:32,936 log "GET /admin/hackathon/school/ HTTP/1.1" 200 48096
INFO 2026-02-03 16:16:32,950 log "GET /admin/jsi18n/ HTTP/1.1" 200 3342
INFO 2026-02-03 16:16:33,520 log "GET /admin/hackathon/school/ HTTP/1.1" 200 48096
INFO 2026-02-03 16:16:33,530 log "GET /admin/jsi18n/ HTTP/1.1" 200 3342
INFO 2026-02-03 16:16:33,991 log "GET /admin/hackathon/school/ HTTP/1.1" 200 48096
INFO 2026-02-03 16:16:33,999 log "GET /admin/jsi18n/ HTTP/1.1" 200 3342
INFO 2026-02-03 16:16:34,320 log "GET /admin/hackathon/school/ HTTP/1.1" 200 48096
INFO 2026-02-03 16:16:34,330 log "GET /admin/jsi18n/ HTTP/1.1" 200 3342
INFO 2026-02-03 16:16:34,473 log "GET /admin/hackathon/school/ HTTP/1.1" 200 48096
INFO 2026-02-03 16:16:34,481 log "GET /admin/jsi18n/ HTTP/1.1" 200 3342
INFO 2026-02-03 16:16:34,631 log "GET /admin/hackathon/school/ HTTP/1.1" 200 48096
INFO 2026-02-03 16:16:34,644 log "GET /admin/jsi18n/ HTTP/1.1" 200 3342
INFO 2026-02-03 16:16:34,804 log "GET /admin/hackathon/school/ HTTP/1.1" 200 48096
INFO 2026-02-03 16:16:34,812 log "GET /admin/jsi18n/ HTTP/1.1" 200 3342
INFO 2026-02-03 16:16:38,627 log "POST /admin/hackathon/school/ HTTP/1.1" 200 25227
INFO 2026-02-03 16:16:40,620 log "POST /admin/hackathon/school/ HTTP/1.1" 302 0
INFO 2026-02-03 16:16:40,651 log "GET /admin/hackathon/school/ HTTP/1.1" 200 47115
INFO 2026-02-03 16:16:40,662 log "GET /admin/jsi18n/ HTTP/1.1" 200 3342
INFO 2026-02-03 16:16:42,382 log "GET /admin/hackathon/school/ HTTP/1.1" 200 46974
INFO 2026-02-03 16:16:42,396 log "GET /admin/jsi18n/ HTTP/1.1" 200 3342
INFO 2026-02-03 16:16:43,247 log "GET /admin/hackathon/school/ HTTP/1.1" 200 46974
INFO 2026-02-03 16:16:43,263 log "GET /admin/jsi18n/ HTTP/1.1" 200 3342
INFO 2026-02-03 16:16:49,829 log "GET /admin/hackathon/school/ HTTP/1.1" 200 48296
INFO 2026-02-03 16:16:49,844 log "GET /admin/jsi18n/ HTTP/1.1" 200 3342
INFO 2026-02-03 16:16:50,431 log "GET /admin/hackathon/school/ HTTP/1.1" 200 48296
INFO 2026-02-03 16:16:50,448 log "GET /admin/jsi18n/ HTTP/1.1" 200 3342
INFO 2026-02-03 22:20:49,629 autoreload Watching for file changes with StatReloader
INFO 2026-02-03 22:20:53,856 log "GET / HTTP/1.1" 302 0
INFO 2026-02-03 22:20:53,858 log "GET /profile/ HTTP/1.1" 302 0
INFO 2026-02-03 22:20:53,866 log "GET /register/form/ HTTP/1.1" 200 16055
WARNING 2026-02-03 22:20:54,425 log "GET /favicon.ico HTTP/1.1" 404 4286
INFO 2026-02-03 22:20:56,327 log "GET /register/form/ HTTP/1.1" 200 16055
INFO 2026-02-03 22:20:56,938 log "GET /register/form/ HTTP/1.1" 200 16055
INFO 2026-02-03 22:20:57,125 log "GET /register/form/ HTTP/1.1" 200 16055
INFO 2026-02-03 22:29:26,446 autoreload Watching for file changes with StatReloader
WARNING 2026-02-03 22:29:29,115 log "POST /register/form/ HTTP/1.1" 404 3419
INFO 2026-02-03 22:29:42,877 log "GET / HTTP/1.1" 302 0
INFO 2026-02-03 22:29:42,882 log "GET /profile/ HTTP/1.1" 302 0
INFO 2026-02-03 22:29:42,892 log "GET /register/form/ HTTP/1.1" 200 16055
INFO 2026-02-03 22:29:47,355 log "GET /api/schools/8/ HTTP/1.1" 200 2
WARNING 2026-02-03 22:29:53,246 log "POST /register/form/ HTTP/1.1" 404 3419
INFO 2026-02-03 22:30:53,412 log "GET /register/form/ HTTP/1.1" 200 16055
INFO 2026-02-03 22:30:56,458 log "GET /api/schools/3/ HTTP/1.1" 200 2
INFO 2026-02-03 22:30:58,641 log "GET /api/schools/11/ HTTP/1.1" 200 1470
INFO 2026-02-03 22:31:01,618 log "GET /api/schools/9/ HTTP/1.1" 200 1365
INFO 2026-02-03 22:31:20,213 log "GET / HTTP/1.1" 302 0
INFO 2026-02-03 22:31:20,222 log "GET /profile/ HTTP/1.1" 200 9871
INFO 2026-02-03 22:31:21,676 log "GET /admin/ HTTP/1.1" 200 11620
INFO 2026-02-03 22:31:21,696 log "GET /static/admin/img/icon-deletelink.svg HTTP/1.1" 304 0
INFO 2026-02-03 22:31:24,362 log "GET /admin/hackathon/application/ HTTP/1.1" 200 20142
INFO 2026-02-03 22:31:24,373 log "GET /admin/jsi18n/ HTTP/1.1" 200 3342
INFO 2026-02-03 22:31:27,823 log "POST /register/form/ HTTP/1.1" 302 0
INFO 2026-02-03 22:31:27,831 log "GET /profile/ HTTP/1.1" 200 9871
INFO 2026-02-03 22:32:04,301 log "GET /logout/ HTTP/1.1" 302 0
INFO 2026-02-03 22:32:04,315 log "GET /login/ HTTP/1.1" 200 9495
INFO 2026-02-03 22:32:11,132 log "POST /admin/hackathon/application/ HTTP/1.1" 302 0
INFO 2026-02-03 22:32:11,156 log "GET /admin/login/?next=/admin/hackathon/application/ HTTP/1.1" 200 4128
INFO 2026-02-03 22:32:15,175 log "POST /admin/login/?next=/admin/hackathon/application/ HTTP/1.1" 302 0
INFO 2026-02-03 22:32:15,184 log "GET /admin/hackathon/application/ HTTP/1.1" 200 20142
INFO 2026-02-03 22:32:15,219 log "GET /admin/jsi18n/ HTTP/1.1" 200 3342
INFO 2026-02-03 22:32:21,036 log "POST /admin/hackathon/application/ HTTP/1.1" 200 9232
INFO 2026-02-03 22:32:21,825 log "POST /admin/hackathon/application/ HTTP/1.1" 302 0
INFO 2026-02-03 22:32:21,844 log "GET /admin/hackathon/application/ HTTP/1.1" 200 19340
INFO 2026-02-03 22:32:21,857 log "GET /admin/jsi18n/ HTTP/1.1" 200 3342
WARNING 2026-02-03 22:32:49,816 log Forbidden (CSRF token from POST incorrect.): /login/
WARNING 2026-02-03 22:32:49,817 log "POST /login/ HTTP/1.1" 403 2503
INFO 2026-02-03 22:33:01,105 log "GET /login/ HTTP/1.1" 200 9495
INFO 2026-02-03 22:33:14,889 log "POST /login/ HTTP/1.1" 200 9927
INFO 2026-02-03 22:33:18,818 log "GET /register/ HTTP/1.1" 200 9435
INFO 2026-02-03 22:33:34,099 log "POST /register/ HTTP/1.1" 302 0
INFO 2026-02-03 22:33:34,106 log "GET /register/otp/ HTTP/1.1" 200 6872
INFO 2026-02-03 22:33:43,223 log "POST /register/otp/ HTTP/1.1" 302 0
INFO 2026-02-03 22:33:43,230 log "GET /register/form/ HTTP/1.1" 200 16055
INFO 2026-02-03 22:33:48,037 log "GET /admin/hackathon/application/ HTTP/1.1" 200 20107
INFO 2026-02-03 22:33:48,052 log "GET /admin/jsi18n/ HTTP/1.1" 200 3342
INFO 2026-02-03 22:33:52,699 log "GET /api/schools/7/ HTTP/1.1" 200 1995
INFO 2026-02-03 22:34:18,163 log "POST /register/form/ HTTP/1.1" 302 0
INFO 2026-02-03 22:34:18,173 log "GET /profile/ HTTP/1.1" 200 9872
INFO 2026-02-03 22:58:04,351 autoreload /Users/dovudbek/Documents/hack/ai-hackaton/hackathon/models.py changed, reloading.
INFO 2026-02-03 22:58:04,833 autoreload Watching for file changes with StatReloader
INFO 2026-02-03 22:58:28,393 autoreload /Users/dovudbek/Documents/hack/ai-hackaton/hackathon/admin.py changed, reloading.
INFO 2026-02-03 22:58:28,656 autoreload Watching for file changes with StatReloader
INFO 2026-02-03 22:59:12,521 log "GET /admin/hackathon/application/ HTTP/1.1" 200 20241
INFO 2026-02-03 22:59:12,534 log "GET /admin/jsi18n/ HTTP/1.1" 200 3342
WARNING 2026-02-03 22:59:12,583 log "GET /favicon.ico HTTP/1.1" 404 4286
INFO 2026-02-03 22:59:17,047 log "GET /admin/hackathon/application/ HTTP/1.1" 200 20241
INFO 2026-02-03 22:59:17,063 log "GET /admin/jsi18n/ HTTP/1.1" 200 3342
INFO 2026-02-03 22:59:18,238 log "GET /admin/hackathon/application/ HTTP/1.1" 200 20241
INFO 2026-02-03 22:59:18,265 log "GET /admin/jsi18n/ HTTP/1.1" 200 3342
INFO 2026-02-03 22:59:19,239 log "GET /admin/hackathon/region/ HTTP/1.1" 200 21500
INFO 2026-02-03 22:59:19,260 log "GET /admin/jsi18n/ HTTP/1.1" 200 3342
INFO 2026-02-03 22:59:19,982 log "GET /admin/hackathon/application/ HTTP/1.1" 200 20241
INFO 2026-02-03 22:59:20,002 log "GET /admin/jsi18n/ HTTP/1.1" 200 3342
INFO 2026-02-03 22:59:23,735 log "GET /admin/hackathon/application/ HTTP/1.1" 200 20241
INFO 2026-02-03 22:59:23,755 log "GET /admin/jsi18n/ HTTP/1.1" 200 3342
INFO 2026-02-03 22:59:24,437 log "GET /admin/hackathon/application/ HTTP/1.1" 200 20241
INFO 2026-02-03 22:59:24,451 log "GET /admin/jsi18n/ HTTP/1.1" 200 3342
INFO 2026-02-03 23:00:53,527 log "GET /admin/hackathon/application/ HTTP/1.1" 200 20241
INFO 2026-02-03 23:00:53,539 log "GET /admin/jsi18n/ HTTP/1.1" 200 3342
INFO 2026-02-03 23:00:54,023 log "GET /admin/hackathon/application/ HTTP/1.1" 200 20241
INFO 2026-02-03 23:00:54,036 log "GET /admin/jsi18n/ HTTP/1.1" 200 3342
INFO 2026-02-03 23:00:54,591 log "GET /admin/hackathon/application/ HTTP/1.1" 200 20241
INFO 2026-02-03 23:00:54,605 log "GET /static/admin/css/dark_mode.css HTTP/1.1" 200 3538
INFO 2026-02-03 23:00:54,605 log "GET /static/admin/css/base.css HTTP/1.1" 200 23100
INFO 2026-02-03 23:00:54,605 log "GET /static/admin/css/forms.css HTTP/1.1" 200 8788
INFO 2026-02-03 23:00:54,605 log "GET /static/admin/css/nav_sidebar.css HTTP/1.1" 200 2810
INFO 2026-02-03 23:00:54,606 log "GET /static/admin/js/core.js HTTP/1.1" 200 6208
INFO 2026-02-03 23:00:54,606 log "GET /static/admin/js/vendor/jquery/jquery.js HTTP/1.1" 200 285314
INFO 2026-02-03 23:00:54,612 log "GET /static/admin/js/jquery.init.js HTTP/1.1" 200 347
INFO 2026-02-03 23:00:54,613 log "GET /static/admin/css/changelists.css HTTP/1.1" 200 7501
INFO 2026-02-03 23:00:54,613 log "GET /static/admin/js/theme.js HTTP/1.1" 200 1653
INFO 2026-02-03 23:00:54,613 log "GET /static/admin/css/responsive.css HTTP/1.1" 200 16273
INFO 2026-02-03 23:00:54,615 log "GET /static/admin/js/admin/RelatedObjectLookups.js HTTP/1.1" 200 9777
INFO 2026-02-03 23:00:54,615 log "GET /static/admin/js/actions.js HTTP/1.1" 200 8076
INFO 2026-02-03 23:00:54,616 log "GET /static/admin/js/urlify.js HTTP/1.1" 200 7887
INFO 2026-02-03 23:00:54,617 log "GET /static/admin/js/prepopulate.js HTTP/1.1" 200 1531
INFO 2026-02-03 23:00:54,618 log "GET /static/admin/css/widgets.css HTTP/1.1" 200 11811
INFO 2026-02-03 23:00:54,618 log "GET /admin/jsi18n/ HTTP/1.1" 200 3342
INFO 2026-02-03 23:00:54,619 log "GET /static/admin/img/search.svg HTTP/1.1" 200 607
INFO 2026-02-03 23:00:54,619 log "GET /static/admin/js/vendor/xregexp/xregexp.js HTTP/1.1" 200 325171
INFO 2026-02-03 23:00:54,621 log "GET /static/admin/js/nav_sidebar.js HTTP/1.1" 200 3063
INFO 2026-02-03 23:00:54,622 log "GET /static/admin/js/filters.js HTTP/1.1" 200 978
INFO 2026-02-03 23:00:54,626 log "GET /static/admin/img/sorting-icons.svg HTTP/1.1" 200 1761
INFO 2026-02-03 23:00:54,626 log "GET /static/admin/img/tooltag-add.svg HTTP/1.1" 200 593
INFO 2026-02-03 23:00:54,626 log "GET /static/admin/img/icon-viewlink.svg HTTP/1.1" 200 928
INFO 2026-02-03 23:00:54,627 log "GET /static/admin/img/icon-addlink.svg HTTP/1.1" 200 593
WARNING 2026-02-03 23:00:54,639 log "GET /favicon.ico HTTP/1.1" 404 4286
INFO 2026-02-03 23:00:54,995 log "GET /admin/hackathon/application/ HTTP/1.1" 200 20241
INFO 2026-02-03 23:00:55,011 log "GET /static/admin/js/jquery.init.js HTTP/1.1" 200 347
INFO 2026-02-03 23:00:55,011 log "GET /static/admin/css/changelists.css HTTP/1.1" 200 7501
INFO 2026-02-03 23:00:55,011 log "GET /static/admin/css/dark_mode.css HTTP/1.1" 200 3538
INFO 2026-02-03 23:00:55,012 log "GET /static/admin/js/admin/RelatedObjectLookups.js HTTP/1.1" 200 9777
INFO 2026-02-03 23:00:55,011 log "GET /static/admin/js/core.js HTTP/1.1" 200 6208
INFO 2026-02-03 23:00:55,012 log "GET /static/admin/css/base.css HTTP/1.1" 200 23100
INFO 2026-02-03 23:00:55,016 log "GET /static/admin/js/theme.js HTTP/1.1" 200 1653
INFO 2026-02-03 23:00:55,017 log "GET /static/admin/css/responsive.css HTTP/1.1" 200 16273
INFO 2026-02-03 23:00:55,018 log "GET /static/admin/css/forms.css HTTP/1.1" 200 8788
INFO 2026-02-03 23:00:55,018 log "GET /static/admin/css/nav_sidebar.css HTTP/1.1" 200 2810
INFO 2026-02-03 23:00:55,020 log "GET /static/admin/js/actions.js HTTP/1.1" 200 8076
INFO 2026-02-03 23:00:55,021 log "GET /static/admin/js/urlify.js HTTP/1.1" 200 7887
INFO 2026-02-03 23:00:55,021 log "GET /static/admin/js/prepopulate.js HTTP/1.1" 200 1531
INFO 2026-02-03 23:00:55,024 log "GET /static/admin/css/widgets.css HTTP/1.1" 200 11811
INFO 2026-02-03 23:00:55,024 log "GET /static/admin/img/search.svg HTTP/1.1" 200 607
INFO 2026-02-03 23:00:55,025 log "GET /static/admin/js/vendor/jquery/jquery.js HTTP/1.1" 200 285314
INFO 2026-02-03 23:00:55,026 log "GET /admin/jsi18n/ HTTP/1.1" 200 3342
INFO 2026-02-03 23:00:55,027 log "GET /static/admin/js/vendor/xregexp/xregexp.js HTTP/1.1" 200 325171
INFO 2026-02-03 23:00:55,028 log "GET /static/admin/js/nav_sidebar.js HTTP/1.1" 200 3063
INFO 2026-02-03 23:00:55,030 log "GET /static/admin/js/filters.js HTTP/1.1" 200 978
INFO 2026-02-03 23:00:55,034 log "GET /static/admin/img/tooltag-add.svg HTTP/1.1" 200 593
INFO 2026-02-03 23:00:55,034 log "GET /static/admin/img/icon-viewlink.svg HTTP/1.1" 200 928
INFO 2026-02-03 23:00:55,034 log "GET /static/admin/img/icon-addlink.svg HTTP/1.1" 200 593
INFO 2026-02-03 23:00:55,034 log "GET /static/admin/img/sorting-icons.svg HTTP/1.1" 200 1761
WARNING 2026-02-03 23:00:55,048 log "GET /favicon.ico HTTP/1.1" 404 4286
INFO 2026-02-03 23:00:55,178 log "GET /admin/hackathon/application/ HTTP/1.1" 200 20241
INFO 2026-02-03 23:00:55,190 log "GET /static/admin/css/dark_mode.css HTTP/1.1" 200 3538
INFO 2026-02-03 23:00:55,190 log "GET /static/admin/css/base.css HTTP/1.1" 200 23100
INFO 2026-02-03 23:00:55,190 log "GET /static/admin/css/changelists.css HTTP/1.1" 200 7501
INFO 2026-02-03 23:00:55,191 log "GET /static/admin/js/theme.js HTTP/1.1" 200 1653
INFO 2026-02-03 23:00:55,191 log "GET /static/admin/css/nav_sidebar.css HTTP/1.1" 200 2810
INFO 2026-02-03 23:00:55,194 log "GET /static/admin/css/forms.css HTTP/1.1" 200 8788
INFO 2026-02-03 23:00:55,194 log "GET /static/admin/js/jquery.init.js HTTP/1.1" 200 347
INFO 2026-02-03 23:00:55,196 log "GET /static/admin/js/core.js HTTP/1.1" 200 6208
INFO 2026-02-03 23:00:55,197 log "GET /static/admin/css/responsive.css HTTP/1.1" 200 16273
INFO 2026-02-03 23:00:55,198 log "GET /static/admin/js/admin/RelatedObjectLookups.js HTTP/1.1" 200 9777
INFO 2026-02-03 23:00:55,199 log "GET /admin/jsi18n/ HTTP/1.1" 200 3342
INFO 2026-02-03 23:00:55,199 log "GET /static/admin/css/widgets.css HTTP/1.1" 200 11811
INFO 2026-02-03 23:00:55,200 log "GET /static/admin/js/urlify.js HTTP/1.1" 200 7887
INFO 2026-02-03 23:00:55,201 log "GET /static/admin/js/actions.js HTTP/1.1" 200 8076
INFO 2026-02-03 23:00:55,201 log "GET /static/admin/js/prepopulate.js HTTP/1.1" 200 1531
INFO 2026-02-03 23:00:55,201 log "GET /static/admin/img/search.svg HTTP/1.1" 200 607
INFO 2026-02-03 23:00:55,202 log "GET /static/admin/js/vendor/jquery/jquery.js HTTP/1.1" 200 285314
INFO 2026-02-03 23:00:55,203 log "GET /static/admin/js/vendor/xregexp/xregexp.js HTTP/1.1" 200 325171
INFO 2026-02-03 23:00:55,204 log "GET /static/admin/js/nav_sidebar.js HTTP/1.1" 200 3063
INFO 2026-02-03 23:00:55,206 log "GET /static/admin/js/filters.js HTTP/1.1" 200 978
INFO 2026-02-03 23:00:55,209 log "GET /static/admin/img/icon-addlink.svg HTTP/1.1" 200 593
INFO 2026-02-03 23:00:55,210 log "GET /static/admin/img/icon-viewlink.svg HTTP/1.1" 200 928
INFO 2026-02-03 23:00:55,210 log "GET /static/admin/img/tooltag-add.svg HTTP/1.1" 200 593
INFO 2026-02-03 23:00:55,210 log "GET /static/admin/img/sorting-icons.svg HTTP/1.1" 200 1761
WARNING 2026-02-03 23:00:55,223 log "GET /favicon.ico HTTP/1.1" 404 4286
INFO 2026-02-03 23:00:55,466 log "GET /admin/hackathon/application/ HTTP/1.1" 200 20241
INFO 2026-02-03 23:00:55,486 log "GET /static/admin/css/base.css HTTP/1.1" 200 23100
INFO 2026-02-03 23:00:55,486 log "GET /static/admin/css/nav_sidebar.css HTTP/1.1" 200 2810
INFO 2026-02-03 23:00:55,487 log "GET /static/admin/css/changelists.css HTTP/1.1" 200 7501
INFO 2026-02-03 23:00:55,487 log "GET /static/admin/css/dark_mode.css HTTP/1.1" 200 3538
INFO 2026-02-03 23:00:55,487 log "GET /static/admin/js/theme.js HTTP/1.1" 200 1653
INFO 2026-02-03 23:00:55,487 log "GET /static/admin/css/forms.css HTTP/1.1" 200 8788
INFO 2026-02-03 23:00:55,488 log "GET /static/admin/css/responsive.css HTTP/1.1" 200 16273
INFO 2026-02-03 23:00:55,489 log "GET /static/admin/js/core.js HTTP/1.1" 200 6208
INFO 2026-02-03 23:00:55,490 log "GET /admin/jsi18n/ HTTP/1.1" 200 3342
INFO 2026-02-03 23:00:55,490 log "GET /static/admin/js/vendor/jquery/jquery.js HTTP/1.1" 200 285314
INFO 2026-02-03 23:00:55,495 log "GET /static/admin/js/actions.js HTTP/1.1" 200 8076
INFO 2026-02-03 23:00:55,496 log "GET /static/admin/js/jquery.init.js HTTP/1.1" 200 347
INFO 2026-02-03 23:00:55,497 log "GET /static/admin/js/urlify.js HTTP/1.1" 200 7887
INFO 2026-02-03 23:00:55,498 log "GET /static/admin/js/prepopulate.js HTTP/1.1" 200 1531
INFO 2026-02-03 23:00:55,498 log "GET /static/admin/js/admin/RelatedObjectLookups.js HTTP/1.1" 200 9777
INFO 2026-02-03 23:00:55,498 log "GET /static/admin/css/widgets.css HTTP/1.1" 200 11811
INFO 2026-02-03 23:00:55,499 log "GET /static/admin/img/search.svg HTTP/1.1" 200 607
INFO 2026-02-03 23:00:55,499 log "GET /static/admin/js/vendor/xregexp/xregexp.js HTTP/1.1" 200 325171
INFO 2026-02-03 23:00:55,502 log "GET /static/admin/js/nav_sidebar.js HTTP/1.1" 200 3063
INFO 2026-02-03 23:00:55,502 log "GET /static/admin/js/filters.js HTTP/1.1" 200 978
INFO 2026-02-03 23:00:55,505 log "GET /static/admin/img/tooltag-add.svg HTTP/1.1" 200 593
INFO 2026-02-03 23:00:55,506 log "GET /static/admin/img/sorting-icons.svg HTTP/1.1" 200 1761
INFO 2026-02-03 23:00:55,506 log "GET /static/admin/img/icon-viewlink.svg HTTP/1.1" 200 928
INFO 2026-02-03 23:00:55,506 log "GET /static/admin/img/icon-addlink.svg HTTP/1.1" 200 593
WARNING 2026-02-03 23:00:55,519 log "GET /favicon.ico HTTP/1.1" 404 4286
INFO 2026-02-03 23:00:55,589 log "GET /admin/hackathon/application/ HTTP/1.1" 200 20241
INFO 2026-02-03 23:00:55,602 log "GET /static/admin/css/dark_mode.css HTTP/1.1" 200 3538
INFO 2026-02-03 23:00:55,603 log "GET /static/admin/css/nav_sidebar.css HTTP/1.1" 200 2810
INFO 2026-02-03 23:00:55,603 log "GET /static/admin/css/base.css HTTP/1.1" 200 23100
INFO 2026-02-03 23:00:55,603 log "GET /static/admin/js/jquery.init.js HTTP/1.1" 200 347
INFO 2026-02-03 23:00:55,603 log "GET /static/admin/css/changelists.css HTTP/1.1" 200 7501
INFO 2026-02-03 23:00:55,604 log "GET /static/admin/css/responsive.css HTTP/1.1" 200 16273
INFO 2026-02-03 23:00:55,604 log "GET /static/admin/js/theme.js HTTP/1.1" 200 1653
INFO 2026-02-03 23:00:55,604 log "GET /static/admin/css/forms.css HTTP/1.1" 200 8788
INFO 2026-02-03 23:00:55,609 log "GET /static/admin/js/urlify.js HTTP/1.1" 200 7887
INFO 2026-02-03 23:00:55,609 log "GET /static/admin/js/core.js HTTP/1.1" 200 6208
INFO 2026-02-03 23:00:55,610 log "GET /static/admin/js/admin/RelatedObjectLookups.js HTTP/1.1" 200 9777
INFO 2026-02-03 23:00:55,611 log "GET /static/admin/js/actions.js HTTP/1.1" 200 8076
INFO 2026-02-03 23:00:55,612 log "GET /static/admin/js/prepopulate.js HTTP/1.1" 200 1531
INFO 2026-02-03 23:00:55,613 log "GET /static/admin/css/widgets.css HTTP/1.1" 200 11811
INFO 2026-02-03 23:00:55,614 log "GET /static/admin/img/search.svg HTTP/1.1" 200 607
INFO 2026-02-03 23:00:55,616 log "GET /admin/jsi18n/ HTTP/1.1" 200 3342
INFO 2026-02-03 23:00:55,617 log "GET /static/admin/js/vendor/jquery/jquery.js HTTP/1.1" 200 285314
INFO 2026-02-03 23:00:55,617 log "GET /static/admin/js/vendor/xregexp/xregexp.js HTTP/1.1" 200 325171
INFO 2026-02-03 23:00:55,619 log "GET /static/admin/js/nav_sidebar.js HTTP/1.1" 200 3063
INFO 2026-02-03 23:00:55,620 log "GET /static/admin/js/filters.js HTTP/1.1" 200 978
INFO 2026-02-03 23:00:55,623 log "GET /static/admin/img/sorting-icons.svg HTTP/1.1" 200 1761
INFO 2026-02-03 23:00:55,624 log "GET /static/admin/img/icon-viewlink.svg HTTP/1.1" 200 928
INFO 2026-02-03 23:00:55,624 log "GET /static/admin/img/icon-addlink.svg HTTP/1.1" 200 593
INFO 2026-02-03 23:00:55,624 log "GET /static/admin/img/tooltag-add.svg HTTP/1.1" 200 593
WARNING 2026-02-03 23:00:55,636 log "GET /favicon.ico HTTP/1.1" 404 4286
INFO 2026-02-03 23:00:55,716 log "GET /admin/hackathon/application/ HTTP/1.1" 200 20241
INFO 2026-02-03 23:00:55,726 log "GET /static/admin/css/dark_mode.css HTTP/1.1" 200 3538
INFO 2026-02-03 23:00:55,726 log "GET /static/admin/css/nav_sidebar.css HTTP/1.1" 200 2810
INFO 2026-02-03 23:00:55,727 log "GET /static/admin/css/changelists.css HTTP/1.1" 200 7501
INFO 2026-02-03 23:00:55,728 log "GET /static/admin/css/base.css HTTP/1.1" 200 23100
INFO 2026-02-03 23:00:55,730 log "GET /static/admin/css/forms.css HTTP/1.1" 200 8788
INFO 2026-02-03 23:00:55,731 log "GET /static/admin/css/responsive.css HTTP/1.1" 200 16273
INFO 2026-02-03 23:00:55,732 log "GET /static/admin/js/core.js HTTP/1.1" 200 6208
INFO 2026-02-03 23:00:55,732 log "GET /static/admin/js/jquery.init.js HTTP/1.1" 200 347
INFO 2026-02-03 23:00:55,733 log "GET /admin/jsi18n/ HTTP/1.1" 200 3342
INFO 2026-02-03 23:00:55,734 log "GET /static/admin/js/prepopulate.js HTTP/1.1" 200 1531
INFO 2026-02-03 23:00:55,735 log "GET /static/admin/js/theme.js HTTP/1.1" 200 1653
INFO 2026-02-03 23:00:55,735 log "GET /static/admin/js/admin/RelatedObjectLookups.js HTTP/1.1" 200 9777
INFO 2026-02-03 23:00:55,736 log "GET /static/admin/js/actions.js HTTP/1.1" 200 8076
INFO 2026-02-03 23:00:55,736 log "GET /static/admin/js/urlify.js HTTP/1.1" 200 7887
INFO 2026-02-03 23:00:55,737 log "GET /static/admin/js/vendor/jquery/jquery.js HTTP/1.1" 200 285314
INFO 2026-02-03 23:00:55,737 log "GET /static/admin/img/search.svg HTTP/1.1" 200 607
INFO 2026-02-03 23:00:55,737 log "GET /static/admin/css/widgets.css HTTP/1.1" 200 11811
INFO 2026-02-03 23:00:55,737 log "GET /static/admin/js/vendor/xregexp/xregexp.js HTTP/1.1" 200 325171
INFO 2026-02-03 23:00:55,744 log "GET /static/admin/js/nav_sidebar.js HTTP/1.1" 200 3063
INFO 2026-02-03 23:00:55,746 log "GET /static/admin/js/filters.js HTTP/1.1" 200 978
INFO 2026-02-03 23:00:55,749 log "GET /static/admin/img/tooltag-add.svg HTTP/1.1" 200 593
INFO 2026-02-03 23:00:55,749 log "GET /static/admin/img/icon-viewlink.svg HTTP/1.1" 200 928
INFO 2026-02-03 23:00:55,749 log "GET /static/admin/img/icon-addlink.svg HTTP/1.1" 200 593
INFO 2026-02-03 23:00:55,749 log "GET /static/admin/img/sorting-icons.svg HTTP/1.1" 200 1761
WARNING 2026-02-03 23:00:55,765 log "GET /favicon.ico HTTP/1.1" 404 4286
INFO 2026-02-03 23:00:55,889 log "GET /admin/hackathon/application/ HTTP/1.1" 200 20241
INFO 2026-02-03 23:00:55,897 log "GET /static/admin/css/base.css HTTP/1.1" 200 23100
INFO 2026-02-03 23:00:55,901 log "GET /static/admin/css/changelists.css HTTP/1.1" 200 7501
INFO 2026-02-03 23:00:55,901 log "GET /static/admin/css/forms.css HTTP/1.1" 200 8788
INFO 2026-02-03 23:00:55,901 log "GET /static/admin/js/theme.js HTTP/1.1" 200 1653
INFO 2026-02-03 23:00:55,902 log "GET /static/admin/css/dark_mode.css HTTP/1.1" 200 3538
INFO 2026-02-03 23:00:55,903 log "GET /static/admin/css/nav_sidebar.css HTTP/1.1" 200 2810
INFO 2026-02-03 23:00:55,904 log "GET /static/admin/css/responsive.css HTTP/1.1" 200 16273
INFO 2026-02-03 23:00:55,904 log "GET /static/admin/js/jquery.init.js HTTP/1.1" 200 347
INFO 2026-02-03 23:00:55,905 log "GET /static/admin/js/actions.js HTTP/1.1" 200 8076
INFO 2026-02-03 23:00:55,905 log "GET /static/admin/js/admin/RelatedObjectLookups.js HTTP/1.1" 200 9777
INFO 2026-02-03 23:00:55,905 log "GET /static/admin/css/widgets.css HTTP/1.1" 200 11811
INFO 2026-02-03 23:00:55,906 log "GET /admin/jsi18n/ HTTP/1.1" 200 3342
INFO 2026-02-03 23:00:55,906 log "GET /static/admin/js/vendor/jquery/jquery.js HTTP/1.1" 200 285314
INFO 2026-02-03 23:00:55,911 log "GET /static/admin/js/core.js HTTP/1.1" 200 6208
INFO 2026-02-03 23:00:55,912 log "GET /static/admin/js/urlify.js HTTP/1.1" 200 7887
INFO 2026-02-03 23:00:55,912 log "GET /static/admin/img/search.svg HTTP/1.1" 200 607
INFO 2026-02-03 23:00:55,912 log "GET /static/admin/js/prepopulate.js HTTP/1.1" 200 1531
INFO 2026-02-03 23:00:55,913 log "GET /static/admin/js/vendor/xregexp/xregexp.js HTTP/1.1" 200 325171
INFO 2026-02-03 23:00:55,914 log "GET /static/admin/js/nav_sidebar.js HTTP/1.1" 200 3063
INFO 2026-02-03 23:00:55,915 log "GET /static/admin/js/filters.js HTTP/1.1" 200 978
INFO 2026-02-03 23:00:55,920 log "GET /static/admin/img/icon-addlink.svg HTTP/1.1" 200 593
INFO 2026-02-03 23:00:55,920 log "GET /static/admin/img/icon-viewlink.svg HTTP/1.1" 200 928
INFO 2026-02-03 23:00:55,920 log "GET /static/admin/img/sorting-icons.svg HTTP/1.1" 200 1761
INFO 2026-02-03 23:00:55,920 log "GET /static/admin/img/tooltag-add.svg HTTP/1.1" 200 593
WARNING 2026-02-03 23:00:55,932 log "GET /favicon.ico HTTP/1.1" 404 4286
INFO 2026-02-03 23:00:56,052 log "GET /admin/hackathon/application/ HTTP/1.1" 200 20241
INFO 2026-02-03 23:00:56,062 log "GET /static/admin/js/theme.js HTTP/1.1" 200 1653
INFO 2026-02-03 23:00:56,062 log "GET /static/admin/css/dark_mode.css HTTP/1.1" 200 3538
INFO 2026-02-03 23:00:56,062 log "GET /static/admin/css/nav_sidebar.css HTTP/1.1" 200 2810
INFO 2026-02-03 23:00:56,062 log "GET /static/admin/css/changelists.css HTTP/1.1" 200 7501
INFO 2026-02-03 23:00:56,062 log "GET /static/admin/css/forms.css HTTP/1.1" 200 8788
INFO 2026-02-03 23:00:56,062 log "GET /static/admin/css/base.css HTTP/1.1" 200 23100
INFO 2026-02-03 23:00:56,066 log "GET /static/admin/css/responsive.css HTTP/1.1" 200 16273
INFO 2026-02-03 23:00:56,067 log "GET /static/admin/js/jquery.init.js HTTP/1.1" 200 347
INFO 2026-02-03 23:00:56,069 log "GET /static/admin/css/widgets.css HTTP/1.1" 200 11811
INFO 2026-02-03 23:00:56,069 log "GET /static/admin/js/actions.js HTTP/1.1" 200 8076
INFO 2026-02-03 23:00:56,070 log "GET /static/admin/js/admin/RelatedObjectLookups.js HTTP/1.1" 200 9777
INFO 2026-02-03 23:00:56,070 log "GET /static/admin/js/urlify.js HTTP/1.1" 200 7887
INFO 2026-02-03 23:00:56,071 log "GET /static/admin/js/prepopulate.js HTTP/1.1" 200 1531
INFO 2026-02-03 23:00:56,071 log "GET /admin/jsi18n/ HTTP/1.1" 200 3342
INFO 2026-02-03 23:00:56,071 log "GET /static/admin/js/core.js HTTP/1.1" 200 6208
INFO 2026-02-03 23:00:56,072 log "GET /static/admin/js/vendor/jquery/jquery.js HTTP/1.1" 200 285314
INFO 2026-02-03 23:00:56,073 log "GET /static/admin/js/vendor/xregexp/xregexp.js HTTP/1.1" 200 325171
INFO 2026-02-03 23:00:56,077 log "GET /static/admin/img/search.svg HTTP/1.1" 200 607
INFO 2026-02-03 23:00:56,079 log "GET /static/admin/js/nav_sidebar.js HTTP/1.1" 200 3063
INFO 2026-02-03 23:00:56,079 log "GET /static/admin/js/filters.js HTTP/1.1" 200 978
INFO 2026-02-03 23:00:56,082 log "GET /static/admin/img/icon-viewlink.svg HTTP/1.1" 200 928
INFO 2026-02-03 23:00:56,082 log "GET /static/admin/img/icon-addlink.svg HTTP/1.1" 200 593
INFO 2026-02-03 23:00:56,082 log "GET /static/admin/img/tooltag-add.svg HTTP/1.1" 200 593
INFO 2026-02-03 23:00:56,082 log "GET /static/admin/img/sorting-icons.svg HTTP/1.1" 200 1761
WARNING 2026-02-03 23:00:56,095 log "GET /favicon.ico HTTP/1.1" 404 4286
INFO 2026-02-03 23:00:59,604 log "GET / HTTP/1.1" 302 0
INFO 2026-02-03 23:00:59,609 log "GET /profile/ HTTP/1.1" 200 9872
INFO 2026-02-03 23:03:33,132 log "GET / HTTP/1.1" 302 0
INFO 2026-02-03 23:03:33,142 log "GET /profile/ HTTP/1.1" 200 9872
INFO 2026-02-03 23:03:43,153 log "GET / HTTP/1.1" 302 0
INFO 2026-02-03 23:03:43,159 log "GET /profile/ HTTP/1.1" 200 9872
INFO 2026-02-03 23:04:24,054 log "GET /logout/ HTTP/1.1" 302 0
INFO 2026-02-03 23:04:24,064 log "GET /login/ HTTP/1.1" 200 9495
INFO 2026-02-03 23:04:25,779 log "GET /register/ HTTP/1.1" 200 9435
INFO 2026-02-03 23:04:31,661 log "POST /register/ HTTP/1.1" 302 0
INFO 2026-02-03 23:04:31,669 log "GET /profile/ HTTP/1.1" 200 9879
INFO 2026-02-03 23:04:47,167 log "POST /register/ HTTP/1.1" 302 0
INFO 2026-02-03 23:04:47,178 log "GET /profile/ HTTP/1.1" 200 9879
INFO 2026-02-03 23:05:10,311 log "GET /profile/ HTTP/1.1" 200 9879
INFO 2026-02-03 23:05:10,992 log "GET /profile/ HTTP/1.1" 200 9879
INFO 2026-02-03 23:05:13,618 log "GET /logout/ HTTP/1.1" 302 0
INFO 2026-02-03 23:05:13,623 log "GET /login/ HTTP/1.1" 200 9495
INFO 2026-02-03 23:05:22,380 log "GET / HTTP/1.1" 200 13738
INFO 2026-02-03 23:05:23,681 log "GET /admin/ HTTP/1.1" 302 0
INFO 2026-02-03 23:05:23,700 log "GET /admin/login/?next=/admin/ HTTP/1.1" 200 4084
INFO 2026-02-03 23:05:29,726 log "POST /admin/login/?next=/admin/ HTTP/1.1" 200 4255
INFO 2026-02-03 23:05:33,353 log "POST /admin/login/?next=/admin/ HTTP/1.1" 302 0
INFO 2026-02-03 23:05:33,360 log "GET /admin/ HTTP/1.1" 200 11616
INFO 2026-02-03 23:05:37,066 log "GET /admin/hackathon/application/ HTTP/1.1" 200 20241
INFO 2026-02-03 23:05:37,092 log "GET /admin/jsi18n/ HTTP/1.1" 200 3342
INFO 2026-02-03 23:05:46,345 log "POST /admin/hackathon/application/ HTTP/1.1" 200 9234
INFO 2026-02-03 23:05:47,490 log "POST /admin/hackathon/application/ HTTP/1.1" 302 0
INFO 2026-02-03 23:05:47,503 log "GET /admin/hackathon/application/ HTTP/1.1" 200 19437
INFO 2026-02-03 23:05:47,519 log "GET /admin/jsi18n/ HTTP/1.1" 200 3342
INFO 2026-02-03 23:05:57,089 log "GET /login/ HTTP/1.1" 200 9495
INFO 2026-02-03 23:05:58,276 log "GET /register/ HTTP/1.1" 200 9435
INFO 2026-02-03 23:06:07,839 log "POST /register/ HTTP/1.1" 302 0
INFO 2026-02-03 23:06:07,847 log "GET /register/otp/ HTTP/1.1" 200 6872
INFO 2026-02-03 23:06:19,680 log "POST /register/otp/ HTTP/1.1" 302 0
INFO 2026-02-03 23:06:19,686 log "GET /register/form/ HTTP/1.1" 200 16055
INFO 2026-02-03 23:06:23,292 log "GET /api/schools/3/ HTTP/1.1" 200 2
INFO 2026-02-03 23:06:26,638 log "GET /api/schools/8/ HTTP/1.1" 200 2310
INFO 2026-02-03 23:06:50,725 log "GET /admin/hackathon/application/ HTTP/1.1" 200 20239
INFO 2026-02-03 23:06:50,736 log "GET /admin/jsi18n/ HTTP/1.1" 200 3342
INFO 2026-02-03 23:06:58,674 log "POST /register/form/ HTTP/1.1" 302 0
INFO 2026-02-03 23:06:58,684 log "GET /profile/ HTTP/1.1" 200 9872
INFO 2026-02-03 23:07:09,262 log "GET /admin/hackathon/application/ HTTP/1.1" 200 20239
INFO 2026-02-03 23:07:09,277 log "GET /admin/jsi18n/ HTTP/1.1" 200 3342
INFO 2026-02-03 23:08:30,160 log "GET /admin/hackathon/application/ HTTP/1.1" 200 20239
INFO 2026-02-03 23:08:30,175 log "GET /admin/jsi18n/ HTTP/1.1" 200 3342
INFO 2026-02-03 23:08:32,253 log "GET /admin/hackathon/application/ HTTP/1.1" 200 20239
INFO 2026-02-03 23:08:32,276 log "GET /admin/jsi18n/ HTTP/1.1" 200 3342
INFO 2026-02-03 23:08:32,534 log "GET /admin/hackathon/application/ HTTP/1.1" 200 20239
INFO 2026-02-03 23:08:32,548 log "GET /admin/jsi18n/ HTTP/1.1" 200 3342
INFO 2026-02-03 23:08:32,676 log "GET /admin/hackathon/application/ HTTP/1.1" 200 20239
INFO 2026-02-03 23:08:32,685 log "GET /admin/jsi18n/ HTTP/1.1" 200 3342
INFO 2026-02-03 23:08:54,240 log "GET /admin/hackathon/application/ HTTP/1.1" 200 20239
INFO 2026-02-03 23:08:54,252 log "GET /admin/jsi18n/ HTTP/1.1" 200 3342
INFO 2026-02-03 23:08:56,265 log "GET /admin/hackathon/application/ HTTP/1.1" 200 20239
INFO 2026-02-03 23:08:56,279 log "GET /admin/jsi18n/ HTTP/1.1" 200 3342
INFO 2026-02-03 23:08:57,576 log "GET /admin/hackathon/application/ HTTP/1.1" 200 20239
INFO 2026-02-03 23:08:57,595 log "GET /static/admin/css/changelists.css HTTP/1.1" 200 7501
INFO 2026-02-03 23:08:57,597 log "GET /static/admin/css/forms.css HTTP/1.1" 200 8788
INFO 2026-02-03 23:08:57,598 log "GET /static/admin/css/base.css HTTP/1.1" 200 23100
INFO 2026-02-03 23:08:57,599 log "GET /admin/jsi18n/ HTTP/1.1" 200 3342
INFO 2026-02-03 23:08:57,599 log "GET /static/admin/css/dark_mode.css HTTP/1.1" 200 3538
INFO 2026-02-03 23:08:57,598 log "GET /static/admin/css/nav_sidebar.css HTTP/1.1" 200 2810
INFO 2026-02-03 23:08:57,599 log "GET /static/admin/js/theme.js HTTP/1.1" 200 1653
INFO 2026-02-03 23:08:57,600 log "GET /static/admin/css/responsive.css HTTP/1.1" 200 16273
INFO 2026-02-03 23:08:57,600 log "GET /static/admin/js/admin/RelatedObjectLookups.js HTTP/1.1" 200 9777
INFO 2026-02-03 23:08:57,600 log "GET /static/admin/js/jquery.init.js HTTP/1.1" 200 347
INFO 2026-02-03 23:08:57,600 log "GET /static/admin/js/core.js HTTP/1.1" 200 6208
INFO 2026-02-03 23:08:57,607 log "GET /static/admin/js/prepopulate.js HTTP/1.1" 200 1531
INFO 2026-02-03 23:08:57,609 log "GET /static/admin/js/actions.js HTTP/1.1" 200 8076
INFO 2026-02-03 23:08:57,609 log "GET /static/admin/img/search.svg HTTP/1.1" 200 607
INFO 2026-02-03 23:08:57,609 log "GET /static/admin/js/urlify.js HTTP/1.1" 200 7887
INFO 2026-02-03 23:08:57,610 log "GET /static/admin/css/widgets.css HTTP/1.1" 200 11811
INFO 2026-02-03 23:08:57,611 log "GET /static/admin/js/vendor/jquery/jquery.js HTTP/1.1" 200 285314
INFO 2026-02-03 23:08:57,611 log "GET /static/admin/js/vendor/xregexp/xregexp.js HTTP/1.1" 200 325171
INFO 2026-02-03 23:08:57,615 log "GET /static/admin/js/nav_sidebar.js HTTP/1.1" 200 3063
INFO 2026-02-03 23:08:57,615 log "GET /static/admin/js/filters.js HTTP/1.1" 200 978
INFO 2026-02-03 23:08:57,620 log "GET /static/admin/img/sorting-icons.svg HTTP/1.1" 200 1761
INFO 2026-02-03 23:08:57,620 log "GET /static/admin/img/tooltag-add.svg HTTP/1.1" 200 593
INFO 2026-02-03 23:08:57,620 log "GET /static/admin/img/icon-viewlink.svg HTTP/1.1" 200 928
INFO 2026-02-03 23:08:57,621 log "GET /static/admin/img/icon-addlink.svg HTTP/1.1" 200 593
WARNING 2026-02-03 23:08:57,635 log "GET /favicon.ico HTTP/1.1" 404 4286
INFO 2026-02-03 23:09:08,805 log "GET /admin/hackathon/application/ HTTP/1.1" 200 20239
INFO 2026-02-03 23:09:08,824 log "GET /static/admin/css/changelists.css HTTP/1.1" 200 7501
INFO 2026-02-03 23:09:08,824 log "GET /static/admin/css/forms.css HTTP/1.1" 200 8788
INFO 2026-02-03 23:09:08,825 log "GET /static/admin/css/nav_sidebar.css HTTP/1.1" 200 2810
INFO 2026-02-03 23:09:08,825 log "GET /static/admin/css/dark_mode.css HTTP/1.1" 200 3538
INFO 2026-02-03 23:09:08,825 log "GET /static/admin/css/base.css HTTP/1.1" 200 23100
INFO 2026-02-03 23:09:08,825 log "GET /static/admin/js/jquery.init.js HTTP/1.1" 200 347
INFO 2026-02-03 23:09:08,834 log "GET /static/admin/js/theme.js HTTP/1.1" 200 1653
INFO 2026-02-03 23:09:08,834 log "GET /static/admin/js/admin/RelatedObjectLookups.js HTTP/1.1" 200 9777
INFO 2026-02-03 23:09:08,835 log "GET /static/admin/css/responsive.css HTTP/1.1" 200 16273
INFO 2026-02-03 23:09:08,835 log "GET /static/admin/js/core.js HTTP/1.1" 200 6208
INFO 2026-02-03 23:09:08,836 log "GET /admin/jsi18n/ HTTP/1.1" 200 3342
INFO 2026-02-03 23:09:08,836 log "GET /static/admin/js/vendor/jquery/jquery.js HTTP/1.1" 200 285314
INFO 2026-02-03 23:09:08,840 log "GET /static/admin/js/actions.js HTTP/1.1" 200 8076
INFO 2026-02-03 23:09:08,840 log "GET /static/admin/img/search.svg HTTP/1.1" 200 607
INFO 2026-02-03 23:09:08,841 log "GET /static/admin/css/widgets.css HTTP/1.1" 200 11811
INFO 2026-02-03 23:09:08,841 log "GET /static/admin/js/urlify.js HTTP/1.1" 200 7887
INFO 2026-02-03 23:09:08,842 log "GET /static/admin/js/prepopulate.js HTTP/1.1" 200 1531
INFO 2026-02-03 23:09:08,842 log "GET /static/admin/js/vendor/xregexp/xregexp.js HTTP/1.1" 200 325171
INFO 2026-02-03 23:09:08,844 log "GET /static/admin/js/nav_sidebar.js HTTP/1.1" 200 3063
INFO 2026-02-03 23:09:08,845 log "GET /static/admin/js/filters.js HTTP/1.1" 200 978
INFO 2026-02-03 23:09:08,849 log "GET /static/admin/img/icon-addlink.svg HTTP/1.1" 200 593
INFO 2026-02-03 23:09:08,849 log "GET /static/admin/img/sorting-icons.svg HTTP/1.1" 200 1761
INFO 2026-02-03 23:09:08,849 log "GET /static/admin/img/tooltag-add.svg HTTP/1.1" 200 593
INFO 2026-02-03 23:09:08,849 log "GET /static/admin/img/icon-viewlink.svg HTTP/1.1" 200 928
WARNING 2026-02-03 23:09:08,865 log "GET /favicon.ico HTTP/1.1" 404 4286
INFO 2026-02-03 23:09:09,409 log "GET /admin/hackathon/application/ HTTP/1.1" 200 20239
INFO 2026-02-03 23:09:09,421 log "GET /static/admin/css/nav_sidebar.css HTTP/1.1" 200 2810
INFO 2026-02-03 23:09:09,421 log "GET /static/admin/css/dark_mode.css HTTP/1.1" 200 3538
INFO 2026-02-03 23:09:09,421 log "GET /static/admin/js/jquery.init.js HTTP/1.1" 200 347
INFO 2026-02-03 23:09:09,421 log "GET /static/admin/css/changelists.css HTTP/1.1" 200 7501
INFO 2026-02-03 23:09:09,421 log "GET /static/admin/js/theme.js HTTP/1.1" 200 1653
INFO 2026-02-03 23:09:09,425 log "GET /static/admin/css/responsive.css HTTP/1.1" 200 16273
INFO 2026-02-03 23:09:09,425 log "GET /static/admin/js/core.js HTTP/1.1" 200 6208
INFO 2026-02-03 23:09:09,426 log "GET /static/admin/css/forms.css HTTP/1.1" 200 8788
INFO 2026-02-03 23:09:09,427 log "GET /static/admin/css/base.css HTTP/1.1" 200 23100
INFO 2026-02-03 23:09:09,428 log "GET /static/admin/js/vendor/jquery/jquery.js HTTP/1.1" 200 285314
INFO 2026-02-03 23:09:09,429 log "GET /static/admin/js/admin/RelatedObjectLookups.js HTTP/1.1" 200 9777
INFO 2026-02-03 23:09:09,429 log "GET /admin/jsi18n/ HTTP/1.1" 200 3342
INFO 2026-02-03 23:09:09,430 log "GET /static/admin/js/urlify.js HTTP/1.1" 200 7887
INFO 2026-02-03 23:09:09,431 log "GET /static/admin/img/search.svg HTTP/1.1" 200 607
INFO 2026-02-03 23:09:09,431 log "GET /static/admin/js/prepopulate.js HTTP/1.1" 200 1531
INFO 2026-02-03 23:09:09,431 log "GET /static/admin/js/actions.js HTTP/1.1" 200 8076
INFO 2026-02-03 23:09:09,432 log "GET /static/admin/css/widgets.css HTTP/1.1" 200 11811
INFO 2026-02-03 23:09:09,432 log "GET /static/admin/js/vendor/xregexp/xregexp.js HTTP/1.1" 200 325171
INFO 2026-02-03 23:09:09,443 log "GET /static/admin/js/nav_sidebar.js HTTP/1.1" 200 3063
INFO 2026-02-03 23:09:09,444 log "GET /static/admin/js/filters.js HTTP/1.1" 200 978
INFO 2026-02-03 23:09:09,448 log "GET /static/admin/img/icon-viewlink.svg HTTP/1.1" 200 928
INFO 2026-02-03 23:09:09,448 log "GET /static/admin/img/icon-addlink.svg HTTP/1.1" 200 593
INFO 2026-02-03 23:09:09,448 log "GET /static/admin/img/tooltag-add.svg HTTP/1.1" 200 593
INFO 2026-02-03 23:09:09,449 log "GET /static/admin/img/sorting-icons.svg HTTP/1.1" 200 1761
WARNING 2026-02-03 23:09:09,463 log "GET /favicon.ico HTTP/1.1" 404 4286
INFO 2026-02-03 23:10:16,025 log "GET /admin/hackathon/application/ HTTP/1.1" 200 20239
INFO 2026-02-03 23:10:16,040 log "GET /admin/jsi18n/ HTTP/1.1" 200 3342
INFO 2026-02-03 23:10:17,054 log "GET /admin/hackathon/application/ HTTP/1.1" 200 20239
INFO 2026-02-03 23:10:17,064 log "GET /admin/jsi18n/ HTTP/1.1" 200 3342
INFO 2026-02-03 23:10:23,726 log "GET /admin/hackathon/application/ HTTP/1.1" 200 20239
INFO 2026-02-03 23:10:23,741 log "GET /admin/jsi18n/ HTTP/1.1" 200 3342
INFO 2026-02-03 23:10:56,042 tasks Application 6 tahlil qilindi | quality=low | decision=rejected
INFO 2026-02-03 23:10:58,387 log "GET /admin/hackathon/application/ HTTP/1.1" 200 20305
INFO 2026-02-03 23:10:58,402 log "GET /admin/jsi18n/ HTTP/1.1" 200 3342
INFO 2026-02-03 23:14:59,324 log "GET /profile/ HTTP/1.1" 200 9872
INFO 2026-02-03 23:23:30,005 log "GET /profile/ HTTP/1.1" 200 9872
WARNING 2026-02-03 23:23:30,080 log "GET /favicon.ico HTTP/1.1" 404 4286
INFO 2026-02-03 23:23:49,962 log "GET /profile/ HTTP/1.1" 200 9872
INFO 2026-02-03 23:23:51,195 log "GET /profile/ HTTP/1.1" 200 9881
INFO 2026-02-03 23:23:57,453 log "GET /profile/ HTTP/1.1" 200 9872
INFO 2026-02-03 23:23:57,465 log "GET /static/hackathon/css/animations.css HTTP/1.1" 200 6927
INFO 2026-02-03 23:23:57,465 log "GET /static/hackathon/js/app.js HTTP/1.1" 200 5779
INFO 2026-02-03 23:23:57,465 log "GET /static/hackathon/css/style.css HTTP/1.1" 200 1381
INFO 2026-02-03 23:23:57,466 log "GET /static/hackathon/images/telegram_qr.png HTTP/1.1" 200 32406
INFO 2026-02-03 23:23:57,467 log "GET /static/hackathon/js/animations.js HTTP/1.1" 200 2232
WARNING 2026-02-03 23:23:58,713 log "GET /favicon.ico HTTP/1.1" 404 4286
INFO 2026-02-04 12:37:01,687 autoreload Watching for file changes with StatReloader
INFO 2026-02-04 12:37:03,668 log "GET / HTTP/1.1" 302 0
INFO 2026-02-04 12:37:03,686 log "GET /profile/ HTTP/1.1" 200 9872
INFO 2026-02-04 12:37:03,714 log "GET /static/hackathon/images/telegram_qr.png HTTP/1.1" 304 0
WARNING 2026-02-04 12:37:05,014 log "GET /favicon.ico HTTP/1.1" 404 4286
INFO 2026-02-04 12:37:11,004 log "GET /admin/ HTTP/1.1" 200 11614
INFO 2026-02-04 12:37:11,013 log "GET /static/admin/css/base.css HTTP/1.1" 304 0
INFO 2026-02-04 12:37:11,013 log "GET /static/admin/js/theme.js HTTP/1.1" 304 0
INFO 2026-02-04 12:37:11,013 log "GET /static/admin/css/dark_mode.css HTTP/1.1" 304 0
INFO 2026-02-04 12:37:11,015 log "GET /static/admin/css/dashboard.css HTTP/1.1" 304 0
INFO 2026-02-04 12:37:11,016 log "GET /static/admin/css/nav_sidebar.css HTTP/1.1" 304 0
INFO 2026-02-04 12:37:11,016 log "GET /static/admin/css/responsive.css HTTP/1.1" 304 0
INFO 2026-02-04 12:37:11,017 log "GET /static/admin/js/nav_sidebar.js HTTP/1.1" 304 0
INFO 2026-02-04 12:37:11,020 log "GET /static/admin/img/icon-addlink.svg HTTP/1.1" 304 0
INFO 2026-02-04 12:37:11,020 log "GET /static/admin/img/icon-changelink.svg HTTP/1.1" 304 0
INFO 2026-02-04 12:37:11,020 log "GET /static/admin/img/icon-deletelink.svg HTTP/1.1" 304 0
INFO 2026-02-04 12:37:14,199 log "GET /admin/hackathon/application/ HTTP/1.1" 200 21750
INFO 2026-02-04 12:37:14,211 log "GET /static/admin/js/vendor/jquery/jquery.js HTTP/1.1" 304 0
INFO 2026-02-04 12:37:14,211 log "GET /static/admin/js/admin/RelatedObjectLookups.js HTTP/1.1" 304 0
INFO 2026-02-04 12:37:14,212 log "GET /static/admin/css/forms.css HTTP/1.1" 304 0
INFO 2026-02-04 12:37:14,213 log "GET /static/admin/css/changelists.css HTTP/1.1" 304 0
INFO 2026-02-04 12:37:14,213 log "GET /static/admin/js/core.js HTTP/1.1" 304 0
INFO 2026-02-04 12:37:14,215 log "GET /static/admin/js/actions.js HTTP/1.1" 304 0
INFO 2026-02-04 12:37:14,216 log "GET /admin/jsi18n/ HTTP/1.1" 200 3342
INFO 2026-02-04 12:37:14,216 log "GET /static/admin/js/urlify.js HTTP/1.1" 304 0
INFO 2026-02-04 12:37:14,216 log "GET /static/admin/js/jquery.init.js HTTP/1.1" 304 0
INFO 2026-02-04 12:37:14,217 log "GET /static/admin/js/vendor/xregexp/xregexp.js HTTP/1.1" 304 0
INFO 2026-02-04 12:37:14,217 log "GET /static/admin/js/prepopulate.js HTTP/1.1" 304 0
INFO 2026-02-04 12:37:14,218 log "GET /static/admin/css/widgets.css HTTP/1.1" 304 0
INFO 2026-02-04 12:37:14,218 log "GET /static/admin/img/search.svg HTTP/1.1" 304 0
INFO 2026-02-04 12:37:14,233 log "GET /static/admin/img/icon-viewlink.svg HTTP/1.1" 304 0
INFO 2026-02-04 12:37:14,233 log "GET /static/admin/img/sorting-icons.svg HTTP/1.1" 304 0
INFO 2026-02-04 12:37:14,234 log "GET /static/admin/img/tooltag-add.svg HTTP/1.1" 304 0
INFO 2026-02-04 12:37:14,234 log "GET /static/admin/js/filters.js HTTP/1.1" 304 0
INFO 2026-02-04 12:37:15,608 log "GET /admin/ HTTP/1.1" 200 11614
INFO 2026-02-04 12:37:17,751 log "GET /admin/hackathon/school/ HTTP/1.1" 200 49659
INFO 2026-02-04 12:37:17,760 log "GET /admin/jsi18n/ HTTP/1.1" 200 3342
INFO 2026-02-04 12:37:24,824 log "GET /admin/ HTTP/1.1" 200 11614
INFO 2026-02-04 12:37:25,746 log "GET /admin/hackathon/region/ HTTP/1.1" 200 30391
INFO 2026-02-04 12:37:25,764 log "GET /admin/jsi18n/ HTTP/1.1" 200 3342
INFO 2026-02-04 12:39:00,596 log "GET /admin/hackathon/region/ HTTP/1.1" 200 21442
INFO 2026-02-04 12:39:00,613 log "GET /admin/jsi18n/ HTTP/1.1" 200 3342
INFO 2026-02-04 12:39:05,636 log "GET /admin/hackathon/school/ HTTP/1.1" 200 52106
INFO 2026-02-04 12:39:05,648 log "GET /admin/jsi18n/ HTTP/1.1" 200 3342
